Archive member included to satisfy reference by file (symbol)

c:/program files (x86)/gnu arm embedded toolchain/10 2021.10/bin/../lib/gcc/arm-none-eabi/10.3.1/../../../../arm-none-eabi/lib/thumb/v7e-m+fp/hard\libg.a(lib_a-memcpy.o)
                              ./mtkernel_3/device/ser/sysdepend/nrf5/ser_nrf5.o (memcpy)

Discarded input sections

 .group         0x00000000        0xc ./mtkernel_3/lib/libtm/libtm.o
 .group         0x00000000        0xc ./mtkernel_3/lib/libtm/libtm.o
 .group         0x00000000        0xc ./mtkernel_3/lib/libtm/libtm.o
 .group         0x00000000        0xc ./mtkernel_3/lib/libtm/libtm.o
 .group         0x00000000        0xc ./mtkernel_3/lib/libtm/libtm.o
 .group         0x00000000        0xc ./mtkernel_3/lib/libtm/libtm.o
 .group         0x00000000        0xc ./mtkernel_3/lib/libtm/libtm.o
 .group         0x00000000        0xc ./mtkernel_3/lib/libtm/libtm.o
 .group         0x00000000        0xc ./mtkernel_3/lib/libtm/libtm.o
 .group         0x00000000        0xc ./mtkernel_3/lib/libtm/libtm.o
 .group         0x00000000        0xc ./mtkernel_3/lib/libtm/libtm.o
 .group         0x00000000        0xc ./mtkernel_3/lib/libtm/libtm.o
 .group         0x00000000        0xc ./mtkernel_3/lib/libtm/libtm.o
 .group         0x00000000        0xc ./mtkernel_3/lib/libtm/libtm.o
 .group         0x00000000        0xc ./mtkernel_3/lib/libtm/libtm.o
 .group         0x00000000        0xc ./mtkernel_3/lib/libtm/libtm.o
 .group         0x00000000        0xc ./mtkernel_3/lib/libtm/libtm.o
 .group         0x00000000        0xc ./mtkernel_3/lib/libtm/libtm.o
 .group         0x00000000        0xc ./mtkernel_3/lib/libtm/libtm.o
 .group         0x00000000        0xc ./mtkernel_3/lib/libtm/libtm.o
 .group         0x00000000        0xc ./mtkernel_3/lib/libtm/libtm.o
 .group         0x00000000        0xc ./mtkernel_3/lib/libtm/libtm.o
 .group         0x00000000        0xc ./mtkernel_3/lib/libtm/libtm.o
 .group         0x00000000        0xc ./mtkernel_3/lib/libtm/libtm.o
 .group         0x00000000        0xc ./mtkernel_3/lib/libtm/libtm.o
 .group         0x00000000        0xc ./mtkernel_3/lib/libtm/libtm_printf.o
 .group         0x00000000        0xc ./mtkernel_3/lib/libtm/libtm_printf.o
 .group         0x00000000        0xc ./mtkernel_3/lib/libtm/libtm_printf.o
 .group         0x00000000        0xc ./mtkernel_3/lib/libtm/libtm_printf.o
 .group         0x00000000        0xc ./mtkernel_3/lib/libtm/libtm_printf.o
 .group         0x00000000        0xc ./mtkernel_3/lib/libtm/libtm_printf.o
 .group         0x00000000        0xc ./mtkernel_3/lib/libtm/libtm_printf.o
 .group         0x00000000        0xc ./mtkernel_3/lib/libtm/libtm_printf.o
 .group         0x00000000        0xc ./mtkernel_3/lib/libtm/libtm_printf.o
 .group         0x00000000        0xc ./mtkernel_3/lib/libtm/libtm_printf.o
 .group         0x00000000        0xc ./mtkernel_3/lib/libtm/libtm_printf.o
 .group         0x00000000        0xc ./mtkernel_3/lib/libtm/libtm_printf.o
 .group         0x00000000        0xc ./mtkernel_3/lib/libtm/libtm_printf.o
 .group         0x00000000        0xc ./mtkernel_3/lib/libtm/libtm_printf.o
 .group         0x00000000        0xc ./mtkernel_3/lib/libtm/libtm_printf.o
 .group         0x00000000        0xc ./mtkernel_3/lib/libtm/libtm_printf.o
 .group         0x00000000        0xc ./mtkernel_3/lib/libtm/libtm_printf.o
 .group         0x00000000        0xc ./mtkernel_3/lib/libtm/libtm_printf.o
 .group         0x00000000        0xc ./mtkernel_3/lib/libtm/libtm_printf.o
 .group         0x00000000        0xc ./mtkernel_3/lib/libtm/libtm_printf.o
 .group         0x00000000        0xc ./mtkernel_3/lib/libtm/libtm_printf.o
 .group         0x00000000        0xc ./mtkernel_3/lib/libtm/libtm_printf.o
 .group         0x00000000        0xc ./mtkernel_3/lib/libtm/libtm_printf.o
 .group         0x00000000        0xc ./mtkernel_3/lib/libtm/libtm_printf.o
 .group         0x00000000        0xc ./mtkernel_3/lib/libtm/libtm_printf.o
 .group         0x00000000        0xc ./mtkernel_3/lib/libtm/libtm_printf.o
 .debug_macro   0x00000000      0xacc ./mtkernel_3/lib/libtm/libtm_printf.o
 .debug_macro   0x00000000      0x169 ./mtkernel_3/lib/libtm/libtm_printf.o
 .debug_macro   0x00000000      0x29a ./mtkernel_3/lib/libtm/libtm_printf.o
 .debug_macro   0x00000000       0x28 ./mtkernel_3/lib/libtm/libtm_printf.o
 .debug_macro   0x00000000       0x1c ./mtkernel_3/lib/libtm/libtm_printf.o
 .debug_macro   0x00000000       0x34 ./mtkernel_3/lib/libtm/libtm_printf.o
 .debug_macro   0x00000000       0x46 ./mtkernel_3/lib/libtm/libtm_printf.o
 .debug_macro   0x00000000       0xa6 ./mtkernel_3/lib/libtm/libtm_printf.o
 .debug_macro   0x00000000       0x1c ./mtkernel_3/lib/libtm/libtm_printf.o
 .debug_macro   0x00000000      0x1cc ./mtkernel_3/lib/libtm/libtm_printf.o
 .debug_macro   0x00000000      0x2ad ./mtkernel_3/lib/libtm/libtm_printf.o
 .debug_macro   0x00000000       0x10 ./mtkernel_3/lib/libtm/libtm_printf.o
[...]
Memory Configuration

Name             Origin             Length             Attributes
RAM              0x20000000         0x00020000         xrw
ROM              0x00000000         0x00080000         xr
*default*        0x00000000         0xffffffff

Linker script and memory map

LOAD ./mtkernel_3/lib/libtm/libtm.o
LOAD ./mtkernel_3/lib/libtm/libtm_printf.o
LOAD ./mtkernel_3/lib/libtk/fastlock.o
LOAD ./mtkernel_3/lib/libtk/fastmlock.o
LOAD ./mtkernel_3/lib/libtk/kmalloc.o
LOAD ./mtkernel_3/kernel/usermain/usermain.o
LOAD ./mtkernel_3/kernel/tstdlib/bitop.o
LOAD ./mtkernel_3/kernel/tstdlib/string.o
LOAD ./mtkernel_3/kernel/tkernel/cpuctl.o
LOAD ./mtkernel_3/kernel/tkernel/device.o
LOAD ./mtkernel_3/kernel/tkernel/deviceio.o
LOAD ./mtkernel_3/kernel/tkernel/eventflag.o
LOAD ./mtkernel_3/kernel/tkernel/int.o
LOAD ./mtkernel_3/kernel/tkernel/klock.o
LOAD ./mtkernel_3/kernel/tkernel/mailbox.o
LOAD ./mtkernel_3/kernel/tkernel/memory.o
LOAD ./mtkernel_3/kernel/tkernel/mempfix.o
LOAD ./mtkernel_3/kernel/tkernel/mempool.o
LOAD ./mtkernel_3/kernel/tkernel/messagebuf.o
LOAD ./mtkernel_3/kernel/tkernel/misc_calls.o
LOAD ./mtkernel_3/kernel/tkernel/mutex.o
LOAD ./mtkernel_3/kernel/tkernel/objname.o
LOAD ./mtkernel_3/kernel/tkernel/power.o
LOAD ./mtkernel_3/kernel/tkernel/rendezvous.o
LOAD ./mtkernel_3/kernel/tkernel/semaphore.o
LOAD ./mtkernel_3/kernel/tkernel/task.o
LOAD ./mtkernel_3/kernel/tkernel/task_manage.o
LOAD ./mtkernel_3/kernel/tkernel/task_sync.o
LOAD ./mtkernel_3/kernel/tkernel/time_calls.o
LOAD ./mtkernel_3/kernel/tkernel/timer.o
LOAD ./mtkernel_3/kernel/tkernel/tkinit.o
LOAD ./mtkernel_3/kernel/tkernel/wait.o
LOAD ./mtkernel_3/kernel/sysinit/sysinit.o
LOAD ./mtkernel_3/kernel/inittask/inittask.o
LOAD ./mtkernel_3/device/common/drvif/msdrvif.o
LOAD ./mtkernel_3/device/adc/adc.o
LOAD ./mtkernel_3/device/i2c/i2c.o
LOAD ./mtkernel_3/device/ser/ser.o
LOAD ./mtkernel_3/device/ser/sysdepend/nrf5/ser_nrf5.o
LOAD ./mtkernel_3/lib/libtm/sysdepend/microbit/tm_com.o
LOAD ./mtkernel_3/lib/libtm/sysdepend/no_device/tm_com.o
LOAD ./mtkernel_3/lib/libtk/sysdepend/cpu/nrf5/int_nrf5.o
LOAD ./mtkernel_3/lib/libtk/sysdepend/cpu/nrf5/ptimer_nrf5.o
LOAD ./mtkernel_3/lib/libtk/sysdepend/cpu/core/armv7m/int_armv7m.o
LOAD ./mtkernel_3/lib/libtk/sysdepend/cpu/core/armv7m/wusec_armv7m.o
LOAD ./mtkernel_3/kernel/sysdepend/microbit/devinit.o
LOAD ./mtkernel_3/kernel/sysdepend/microbit/hw_setting.o
LOAD ./mtkernel_3/kernel/sysdepend/microbit/power_save.o
LOAD ./mtkernel_3/kernel/sysdepend/cpu/nrf5/cpu_clock.o
LOAD ./mtkernel_3/kernel/sysdepend/cpu/nrf5/vector_tbl.o
LOAD ./mtkernel_3/kernel/sysdepend/cpu/core/armv7m/cpu_cntl.o
LOAD ./mtkernel_3/kernel/sysdepend/cpu/core/armv7m/dispatch.o
LOAD ./mtkernel_3/kernel/sysdepend/cpu/core/armv7m/exc_hdr.o
LOAD ./mtkernel_3/kernel/sysdepend/cpu/core/armv7m/interrupt.o
LOAD ./mtkernel_3/kernel/sysdepend/cpu/core/armv7m/reset_hdl.o
LOAD ./mtkernel_3/CAV/src/LED.o
LOAD ./mtkernel_3/CAV/src/STG.o
LOAD ./mtkernel_3/CAV/src/app_main.o
LOAD ./mtkernel_3/CAV/src/client.o
LOAD ./mtkernel_3/CAV/src/drive.o
LOAD ./mtkernel_3/CAV/src/iic.o
LOAD ./mtkernel_3/CAV/src/list.o
LOAD ./mtkernel_3/CAV/src/maqueen.o
LOAD ./mtkernel_3/CAV/src/order.o
LOAD ./mtkernel_3/CAV/src/radio.o
LOAD ./mtkernel_3/CAV/src/server.o
START GROUP
LOAD c:/program files (x86)/gnu arm embedded toolchain/10 2021.10/bin/../lib/gcc/arm-none-eabi/10.3.1/thumb/v7e-m+fp/hard\libgcc.a
LOAD c:/program files (x86)/gnu arm embedded toolchain/10 2021.10/bin/../lib/gcc/arm-none-eabi/10.3.1/../../../../arm-none-eabi/lib/thumb/v7e-m+fp/hard\libg.a
LOAD c:/program files (x86)/gnu arm embedded toolchain/10 2021.10/bin/../lib/gcc/arm-none-eabi/10.3.1/../../../../arm-none-eabi/lib/thumb/v7e-m+fp/hard\libc.a
END GROUP

.text           0x00000000     0xff2a
                0x00000000                . = ALIGN (0x8)
                0x00000000                __vector_org = .
 *(.vector)
 .vector        0x00000000      0x100 ./mtkernel_3/kernel/sysdepend/cpu/nrf5/vector_tbl.o
                0x00000000                vector_tbl
                0x00000100                __start = .
 *(.text)
 .text          0x00000100      0x134 ./mtkernel_3/lib/libtm/libtm.o
                0x00000100                libtm_init
                0x0000010c                tm_getchar
                0x00000136                tm_getline
                0x000001ac                tm_putchar
                0x000001f4                tm_putstring
 .text          0x00000234      0x7cc ./mtkernel_3/lib/libtm/libtm_printf.o
                0x00000930                tm_printf
                0x000009b6                tm_sprintf
 .text          0x00000a00      0x150 ./mtkernel_3/lib/libtk/fastlock.o
                0x00000a58                Lock
                0x00000a84                Unlock
                0x00000aac                CreateLock
                0x00000b28                DeleteLock
 .text          0x00000b50      0x244 ./mtkernel_3/lib/libtk/fastmlock.o
                0x00000c0e                MLockTmo
                0x00000c7a                MLock
                0x00000c9a                MUnlock
                0x00000cde                CreateMLock
                0x00000d58                DeleteMLock
 .text          0x00000d94       0x66 ./mtkernel_3/lib/libtk/kmalloc.o
                0x00000d94                Kmalloc
                0x00000dac                Kcalloc
                0x00000dc8                Krealloc
                0x00000de4                Kfree
 .text          0x00000dfa       0x10 ./mtkernel_3/kernel/usermain/usermain.o
 .text          0x00000e0a        0x0 ./mtkernel_3/kernel/tstdlib/bitop.o
 .text          0x00000e0a      0x1f2 ./mtkernel_3/kernel/tstdlib/string.o
                0x00000e0a                knl_memset
                0x00000ea2                knl_memcpy
                0x00000ed6                knl_strlen
                0x00000ef8                knl_strcpy
                0x00000f26                knl_strncpy
                0x00000f78                knl_strcmp
                0x00000fbe                knl_strcat
 .text          0x00000ffc      0x4b4 ./mtkernel_3/kernel/tkernel/cpuctl.o
                0x0000101c                tk_dis_dsp
                0x00001058                tk_ena_dsp
                0x000010a8                tk_set_reg
                0x00001198                tk_get_reg
                0x00001288                tk_set_cpr
                0x0000139c                tk_get_cpr
 .text          0x000014b0      0x930 ./mtkernel_3/kernel/tkernel/device.o
                0x000015c0                knl_searchDevCB
                0x00001690                tk_def_dev
                0x000017ec                tk_ref_idv
                0x00001820                knl_phydevnm
                0x00001934                tk_get_dev
                0x000019d4                tk_ref_dev
                0x00001a7c                tk_oref_dev
                0x00001b14                tk_lst_dev
                0x00001bdc                tk_evt_dev
                0x00001d34                knl_initialize_devmgr
                0x00001db4                knl_finish_devmgr
 .text          0x00001de0     0x11c0 ./mtkernel_3/kernel/tkernel/deviceio.o
                0x00001ec2                knl_GetResCB
                0x00001ef4                knl_check_devdesc
                0x00001f60                knl_delOpnCB
                0x00001fa0                knl_delReqCB
                0x00001fcc                knl_chkopen
                0x00002196                tk_opn_dev
                0x00002528                knl_close_device
                0x00002638                tk_cls_dev
                0x000026d0                knl_request
                0x00002890                tk_rea_dev
                0x000028be                tk_srea_dev
                0x00002916                tk_wri_dev
                0x00002944                tk_swri_dev
                0x000029e8                tk_wai_dev
                0x00002d54                tk_sus_dev
                0x00002e54                knl_devmgr_startup
                0x00002e80                knl_devmgr_cleanup
                0x00002efc                knl_initDevIO
                0x00002f90                knl_finishDevIO
 .text          0x00002fa0      0x6cc ./mtkernel_3/kernel/tkernel/eventflag.o
                0x000030ba                knl_eventflag_initialize
                0x00003104                tk_cre_flg
                0x000031c4                tk_del_flg
                0x00003264                tk_set_flg
                0x00003374                tk_clr_flg
                0x0000343c                tk_wai_flg
                0x000035c8                tk_ref_flg
 .text          0x0000366c       0x9c ./mtkernel_3/kernel/tkernel/int.o
                0x0000366c                tk_def_int
                0x000036fc                tk_ret_int
 .text          0x00003708      0x3dc ./mtkernel_3/kernel/tkernel/klock.o
                0x00003966                knl_LockOBJ
                0x00003a38                knl_UnlockOBJ
 .text          0x00003ae4      0x5b4 ./mtkernel_3/kernel/tkernel/mailbox.o
                0x00003bfc                knl_mailbox_initialize
                0x00003c48                tk_cre_mbx
                0x00003d04                tk_del_mbx
                0x00003da4                tk_snd_mbx
                0x00003edc                tk_rcv_mbx
                0x00003ff4                tk_ref_mbx
 .text          0x00004098      0x58c ./mtkernel_3/kernel/tkernel/memory.o
                0x0000411c                knl_searchFreeArea
                0x000041ba                knl_appendFreeArea
                0x00004268                knl_removeFreeQue
                0x000042dc                knl_insertAreaQue
                0x0000431a                knl_removeAreaQue
                0x00004358                knl_Imalloc
                0x00004404                knl_Icalloc
                0x0000443e                knl_Irealloc
                0x000044a6                knl_Ifree
                0x00004558                knl_init_Imalloc
 .text          0x00004624      0x734 ./mtkernel_3/kernel/tkernel/mempfix.o
                0x0000472c                knl_fix_memorypool_initialize
                0x00004780                tk_cre_mpf
                0x000048fc                tk_del_mpf
                0x00004a14                tk_get_mpf
                0x00004b78                tk_rel_mpf
                0x00004c98                tk_ref_mpf
 .text          0x00004d58      0xa90 ./mtkernel_3/kernel/tkernel/mempool.o
                0x00004e7a                knl_memorypool_initialize
                0x00005116                knl_mpl_wakeup
                0x000051bc                tk_cre_mpl
                0x0000532c                tk_del_mpl
                0x00005476                tk_get_mpl
                0x000055dc                tk_rel_mpl
                0x000056c8                tk_ref_mpl
 .text          0x000057e8      0x9f8 ./mtkernel_3/kernel/tkernel/messagebuf.o
                0x00005906                knl_messagebuffer_initialize
                0x00005a60                tk_cre_mbf
                0x00005bd4                tk_del_mbf
                0x00005cf6                tk_snd_mbf
                0x00005f66                tk_rcv_mbf
                0x000060e4                tk_ref_mbf
 .text          0x000061e0      0x160 ./mtkernel_3/kernel/tkernel/misc_calls.o
                0x00006200                tk_ref_sys
                0x000062f8                tk_ref_ver
 .text          0x00006340      0x97c ./mtkernel_3/kernel/tkernel/mutex.o
                0x00006468                knl_mutex_initialize
                0x000064b4                knl_release_mutex
                0x00006558                knl_signal_all_mutex
                0x000065de                knl_chg_pri_mutex
                0x000066c0                tk_cre_mtx
                0x000067b0                tk_del_mtx
                0x00006914                tk_loc_mtx
                0x00006afc                tk_unl_mtx
                0x00006c10                tk_ref_mtx
 .text          0x00006cbc        0x0 ./mtkernel_3/kernel/tkernel/objname.o
 .text          0x00006cbc        0x0 ./mtkernel_3/kernel/tkernel/power.o
 .text          0x00006cbc        0x0 ./mtkernel_3/kernel/tkernel/rendezvous.o
 .text          0x00006cbc      0x630 ./mtkernel_3/kernel/tkernel/semaphore.o
                0x00006d68                knl_semaphore_initialize
                0x00006db4                tk_cre_sem
                0x00006ea8                tk_del_sem
                0x00006f48                tk_sig_sem
                0x000070f6                tk_wai_sem
                0x00007248                tk_ref_sem
 .text          0x000072ec      0x5ac ./mtkernel_3/kernel/tkernel/task.o
                0x0000766e                knl_task_initialize
                0x000076f0                knl_make_dormant
                0x00007766                knl_make_ready
                0x0000779c                knl_make_non_ready
                0x000077d4                knl_change_task_priority
                0x0000784c                knl_rotate_ready_queue
                0x0000786c                knl_rotate_ready_queue_run
 .text          0x00007898      0xae4 ./mtkernel_3/kernel/tkernel/task_manage.o
                0x00007a1c                tk_cre_tsk
                0x00007bc0                tk_del_tsk
                0x00007c9c                tk_sta_tsk
                0x00007dda                tk_ext_tsk
                0x00007e5c                tk_exd_tsk
                0x00007ed4                tk_ter_tsk
                0x00007fd8                tk_chg_pri
                0x000080dc                tk_rot_rdq
                0x00008174                tk_get_tid
                0x00008198                tk_ref_tsk
                0x000082bc                tk_rel_wai
 .text          0x0000837c      0x774 ./mtkernel_3/kernel/tkernel/task_sync.o
                0x000083e2                tk_sus_tsk
                0x00008520                tk_rsm_tsk
                0x00008660                tk_frsm_tsk
                0x00008780                tk_slp_tsk
                0x00008858                tk_wup_tsk
                0x00008974                tk_can_wup
                0x00008a38                tk_dly_tsk
 .text          0x00008af0      0xea8 ./mtkernel_3/kernel/tkernel/time_calls.o
                0x00008d64                tk_set_utc
                0x00008ddc                tk_get_utc
                0x00008e58                tk_set_tim
                0x00008eec                tk_get_tim
                0x00008f84                tk_get_otm
                0x00008fec                knl_cyclichandler_initialize
                0x00009034                knl_call_cychdr
                0x0000909e                tk_cre_cyc
                0x000091d4                tk_del_cyc
                0x00009280                tk_sta_cyc
                0x00009388                tk_stp_cyc
                0x00009430                tk_ref_cyc
                0x00009524                knl_alarmhandler_initialize
                0x0000956c                knl_call_almhdr
                0x0000959e                tk_cre_alm
                0x00009664                tk_del_alm
                0x00009740                tk_sta_alm
                0x0000980c                tk_stp_alm
                0x000098b4                tk_ref_alm
 .text          0x00009998      0x3a4 ./mtkernel_3/kernel/tkernel/timer.o
                0x00009b1c                knl_timer_startup
                0x00009b58                knl_timer_shutdown
                0x00009bc4                knl_timer_insert
                0x00009c14                knl_timer_insert_reltim
                0x00009c54                knl_timer_insert_abs
                0x00009c82                knl_timer_handler
 .text          0x00009d3c       0xb0 ./mtkernel_3/kernel/tkernel/tkinit.o
                0x00009d3c                knl_init_object
 .text          0x00009dec      0x3f0 ./mtkernel_3/kernel/tkernel/wait.o
                0x00009f36                knl_wait_release_ok
                0x00009f54                knl_wait_release_ok_ercd
                0x00009f74                knl_wait_release_ng
                0x00009fa8                knl_wait_release_tmout
                0x00009fda                knl_make_wait
                0x0000a03c                knl_make_wait_reltim
                0x0000a0a0                knl_wait_delete
                0x0000a0d6                knl_wait_tskid
                0x0000a0fc                knl_gcb_make_wait
                0x0000a168                knl_gcb_change_priority
                0x0000a18c                knl_gcb_top_of_wait_queue
 .text          0x0000a1dc       0xe0 ./mtkernel_3/kernel/sysinit/sysinit.o
                0x0000a1dc                main
                0x0000a2ac                knl_tkernel_exit
 .text          0x0000a2bc       0xa8 ./mtkernel_3/kernel/inittask/inittask.o
 .text          0x0000a364      0x2a4 ./mtkernel_3/device/common/drvif/msdrvif.o
                0x0000a4de                msdi_def_dev
                0x0000a5cc                msdi_del_dev
 .text          0x0000a608        0x0 ./mtkernel_3/device/adc/adc.o
 .text          0x0000a608        0x0 ./mtkernel_3/device/i2c/i2c.o
 .text          0x0000a608      0x7d4 ./mtkernel_3/device/ser/ser.o
                0x0000a630                dev_ser_get_snddat
                0x0000a6a4                dev_ser_notify_rcv
                0x0000a71c                dev_ser_notify_err
                0x0000ab78                dev_ser_openfn
                0x0000abbe                dev_ser_closefn
                0x0000abea                dev_ser_readfn
                0x0000ac36                dev_ser_writefn
                0x0000ac82                dev_ser_eventfn
                0x0000ac9e                dev_init_ser
 .text          0x0000addc      0x470 ./mtkernel_3/device/ser/sysdepend/nrf5/ser_nrf5.o
                0x0000b110                dev_ser_llctl
                0x0000b1d4                dev_ser_llinit
 .text          0x0000b24c      0x1ac ./mtkernel_3/lib/libtm/sysdepend/microbit/tm_com.o
                0x0000b280                tm_snd_dat
                0x0000b2d4                tm_rcv_dat
                0x0000b328                tm_com_init
 .text          0x0000b3f8        0x0 ./mtkernel_3/lib/libtm/sysdepend/no_device/tm_com.o
 .text          0x0000b3f8      0x11c ./mtkernel_3/lib/libtk/sysdepend/cpu/nrf5/int_nrf5.o
                0x0000b48c                EnableInt
                0x0000b4a6                DisableInt
                0x0000b4bc                ClearInt
                0x0000b4d2                EndOfInt
                0x0000b4e6                CheckInt
                0x0000b4fe                SetIntMode
 .text          0x0000b514      0x3bc ./mtkernel_3/lib/libtk/sysdepend/cpu/nrf5/ptimer_nrf5.o
                0x0000b5f8                StartPhysicalTimer
                0x0000b790                StopPhysicalTimer
                0x0000b7e6                GetPhysicalTimerCount
                0x0000b830                DefinePhysicalTimerHandler
                0x0000b890                GetPhysicalTimerConfig
 .text          0x0000b8d0       0xe8 ./mtkernel_3/lib/libtk/sysdepend/cpu/core/armv7m/int_armv7m.o
                0x0000b8d0                set_basepri
                0x0000b8ea                get_basepri
                0x0000b904                disint
                0x0000b928                SetCpuIntLevel
                0x0000b944                GetCpuIntLevel
                0x0000b96a                EnableInt_nvic
 .text          0x0000b9b8      0x11c ./mtkernel_3/lib/libtk/sysdepend/cpu/core/armv7m/wusec_armv7m.o
                0x0000ba58                WaitUsec
                0x0000ba8c                WaitNsec
 .text          0x0000bad4       0x42 ./mtkernel_3/kernel/sysdepend/microbit/devinit.o
                0x0000bad4                knl_init_device
                0x0000bae4                knl_start_device
                0x0000bb06                knl_finish_device
 *fill*         0x0000bb16        0x2 
 .text          0x0000bb18       0xc8 ./mtkernel_3/kernel/sysdepend/microbit/hw_setting.o
                0x0000bb34                knl_startup_hw
                0x0000bb70                knl_shutdown_hw
                0x0000bb7a                knl_restart_hw
 .text          0x0000bbe0       0x1c ./mtkernel_3/kernel/sysdepend/microbit/power_save.o
                0x0000bbe0                low_pow
                0x0000bbee                off_pow
 .text          0x0000bbfc       0xb8 ./mtkernel_3/kernel/sysdepend/cpu/nrf5/cpu_clock.o
                0x0000bc30                startup_clock
                0x0000bca4                shutdown_clock
 .text          0x0000bcb4        0x0 ./mtkernel_3/kernel/sysdepend/cpu/nrf5/vector_tbl.o
 .text          0x0000bcb4      0x2dc ./mtkernel_3/kernel/sysdepend/cpu/core/armv7m/cpu_cntl.o
                0x0000bcb4                knl_set_reg
                0x0000bd7c                knl_get_reg
                0x0000be50                knl_set_cpr
                0x0000becc                knl_get_cpr
                0x0000bf46                knl_force_dispatch
                0x0000bf74                knl_dispatch
 .text          0x0000bf90       0xb4 ./mtkernel_3/kernel/sysdepend/cpu/core/armv7m/dispatch.o
                0x0000bf90                knl_dispatch_entry
 .text          0x0000c044      0x10c ./mtkernel_3/kernel/sysdepend/cpu/core/armv7m/exc_hdr.o
                0x0000c044                NMI_Handler
                0x0000c054                HardFault_Handler
                0x0000c0b4                MemManage_Handler
                0x0000c0c4                BusFault_Handler
                0x0000c0d4                UsageFault_Handler
                0x0000c0e4                Svcall_Handler
                0x0000c0f4                DebugMon_Handler
                0x0000c104                Default_Handler
 .text          0x0000c150      0x11c ./mtkernel_3/kernel/sysdepend/cpu/core/armv7m/interrupt.o
                0x0000c1a4                knl_hll_inthdr
                0x0000c1d8                knl_systim_inthdr
                0x0000c1ec                knl_define_inthdr
                0x0000c24c                knl_return_inthdr
                0x0000c25a                knl_init_interrupt
 .text          0x0000c26c      0x138 ./mtkernel_3/kernel/sysdepend/cpu/core/armv7m/reset_hdl.o
                0x0000c26c                Reset_Handler
 .text          0x0000c3a4      0x704 ./mtkernel_3/CAV/src/LED.o
                0x0000c588                initialize_led
                0x0000c638                clear_led
                0x0000c66c                turn_on_led
                0x0000c6b0                show_number
                0x0000c840                show_circle
                0x0000c870                show_cross
                0x0000c8a0                show_S
                0x0000c8d0                show_V
                0x0000c900                show_T
                0x0000c930                show_logo
                0x0000ca0c                show_strait
                0x0000ca3c                show_left
                0x0000ca6c                show_right
                0x0000ca9c                show_stop
 .text          0x0000caa8      0xd6c ./mtkernel_3/CAV/src/STG.o
                0x0000d014                index_of
                0x0000d438                stg_start
                0x0000d50c                stg_reserve
                0x0000d6d4                stg_get_delay_until_departure
 .text          0x0000d814      0x2e8 ./mtkernel_3/CAV/src/app_main.o
                0x0000d848                button_setup
                0x0000d868                is_a_pressed
                0x0000d88c                is_b_pressed
                0x0000da30                usermain
 .text          0x0000dafc      0x484 ./mtkernel_3/CAV/src/client.o
                0x0000db4e                request_departure_time_ms
                0x0000dec4                reserve_order
 .text          0x0000df80      0x4e4 ./mtkernel_3/CAV/src/drive.o
                0x0000e3a4                start_drive
 .text          0x0000e464      0x8a4 ./mtkernel_3/CAV/src/iic.o
                0x0000e838                iic_transfer
                0x0000ea44                iic_setup
                0x0000ec24                iic_write
                0x0000ec86                iic_read
 .text          0x0000ed08      0x1c8 ./mtkernel_3/CAV/src/list.o
                0x0000ed08                list_init
                0x0000ed32                list_unshift
                0x0000ed7a                list_append
                0x0000edca                list_shift
                0x0000ee1e                list_get
                0x0000ee6a                list_delete
                0x0000ee9e                list_length
                0x0000eeb6                list_get_last
 .text          0x0000eed0      0x230 ./mtkernel_3/CAV/src/maqueen.o
                0x0000eed0                maqueen_init
                0x0000eee0                control_motor
                0x0000efd4                stop_all_motor
                0x0000f014                control_led
                0x0000f068                turn_off_all_led
                0x0000f0a8                read_line_state
                0x0000f0d2                read_line_value
 .text          0x0000f100       0xb6 ./mtkernel_3/CAV/src/order.o
                0x0000f100                is_forward
                0x0000f126                is_backward
                0x0000f14c                is_left
                0x0000f172                is_right
                0x0000f198                get_order_duration
 *fill*         0x0000f1b6        0x2 
 .text          0x0000f1b8      0x160 ./mtkernel_3/CAV/src/radio.o
                0x0000f1d4                print_packet
                0x0000f218                radio_setup
 .text          0x0000f318      0x238 ./mtkernel_3/CAV/src/server.o
                0x0000f4b8                start_server
 .text          0x0000f550      0x134 c:/program files (x86)/gnu arm embedded toolchain/10 2021.10/bin/../lib/gcc/arm-none-eabi/10.3.1/../../../../arm-none-eabi/lib/thumb/v7e-m+fp/hard\libg.a(lib_a-memcpy.o)
                0x0000f550                memcpy
 *(.text.*)
 *(.rodata)
 .rodata        0x0000f684        0x2 ./mtkernel_3/lib/libtm/libtm.o
 *fill*         0x0000f686        0x2 
 .rodata        0x0000f688       0x30 ./mtkernel_3/lib/libtm/libtm_printf.o
 .rodata        0x0000f6b8        0x5 ./mtkernel_3/lib/libtk/fastlock.o
 *fill*         0x0000f6bd        0x3 
 .rodata        0x0000f6c0        0x5 ./mtkernel_3/lib/libtk/fastmlock.o
 *fill*         0x0000f6c5        0x3 
 .rodata        0x0000f6c8        0x5 ./mtkernel_3/kernel/tkernel/device.o
 *fill*         0x0000f6cd        0x3 
 .rodata        0x0000f6d0       0x10 ./mtkernel_3/kernel/tkernel/deviceio.o
 .rodata        0x0000f6e0       0x18 ./mtkernel_3/kernel/tkernel/eventflag.o
 .rodata        0x0000f6f8       0x18 ./mtkernel_3/kernel/tkernel/mailbox.o
 .rodata        0x0000f710       0x18 ./mtkernel_3/kernel/tkernel/mempfix.o
 .rodata        0x0000f728       0x18 ./mtkernel_3/kernel/tkernel/mempool.o
 .rodata        0x0000f740       0x24 ./mtkernel_3/kernel/tkernel/messagebuf.o
 .rodata        0x0000f764       0x24 ./mtkernel_3/kernel/tkernel/mutex.o
 .rodata        0x0000f788       0x18 ./mtkernel_3/kernel/tkernel/semaphore.o
 .rodata        0x0000f7a0       0xc0 ./mtkernel_3/kernel/tkernel/task_manage.o
 .rodata        0x0000f860       0x18 ./mtkernel_3/kernel/tkernel/task_sync.o
 .rodata        0x0000f878       0xd8 ./mtkernel_3/kernel/sysinit/sysinit.o
 .rodata        0x0000f950       0x6d ./mtkernel_3/kernel/inittask/inittask.o
                0x0000f950                knl_init_ctsk
 *fill*         0x0000f9bd        0x3 
 .rodata        0x0000f9c0        0x4 ./mtkernel_3/device/ser/ser.o
 .rodata        0x0000f9c4       0x98 ./mtkernel_3/device/ser/sysdepend/nrf5/ser_nrf5.o
 .rodata        0x0000fa5c       0x7b ./mtkernel_3/kernel/sysdepend/microbit/hw_setting.o
 *fill*         0x0000fad7        0x1 
 .rodata        0x0000fad8       0xca ./mtkernel_3/kernel/sysdepend/cpu/core/armv7m/exc_hdr.o
 *fill*         0x0000fba2        0x2 
 .rodata        0x0000fba4        0x8 ./mtkernel_3/CAV/src/LED.o
                0x0000fba4                led_physical_timer_clock_mhz
                0x0000fba8                led_cycle_micros
 .rodata        0x0000fbac      0x19d ./mtkernel_3/CAV/src/STG.o
 *fill*         0x0000fd49        0x3 
 .rodata        0x0000fd4c       0x83 ./mtkernel_3/CAV/src/app_main.o
 *fill*         0x0000fdcf        0x1 
 .rodata        0x0000fdd0      0x128 ./mtkernel_3/CAV/src/drive.o
                0x0000fdd0                d_timer_clock_mhz
 .rodata        0x0000fef8       0x25 ./mtkernel_3/CAV/src/iic.o
 *fill*         0x0000ff1d        0x3 
 .rodata        0x0000ff20        0xa ./mtkernel_3/CAV/src/radio.o
 *(.rodata.*)

.glue_7         0x0000ff2c        0x0
 .glue_7        0x0000ff2c        0x0 linker stubs

.glue_7t        0x0000ff2c        0x0
 .glue_7t       0x0000ff2c        0x0 linker stubs

.vfp11_veneer   0x0000ff2c        0x0
 .vfp11_veneer  0x0000ff2c        0x0 linker stubs

.v4_bx          0x0000ff2c        0x0
 .v4_bx         0x0000ff2c        0x0 linker stubs

.iplt           0x0000ff2c        0x0
 .iplt          0x0000ff2c        0x0 ./mtkernel_3/lib/libtm/libtm.o

.rel.dyn        0x0000ff2c        0x0
 .rel.iplt      0x0000ff2c        0x0 ./mtkernel_3/lib/libtm/libtm.o
                0x0000ff2c                . = ALIGN (0x4)
                0x0000ff2c                __data_org = .

vector          0x20000000      0x100
                0x20000000                __vector_start = .
 *(.data_vector)
 .data_vector   0x20000000      0x100 ./mtkernel_3/kernel/sysdepend/cpu/core/armv7m/interrupt.o
                0x20000000                exchdr_tbl
                0x20000100                __vector_end = .

.data           0x20000100       0x98 load address 0x0000ff2c
                0x20000100                __data_start = .
 *(.data)
 .data          0x20000100        0x0 ./mtkernel_3/lib/libtm/libtm.o
 .data          0x20000100        0x0 ./mtkernel_3/lib/libtm/libtm_printf.o
 .data          0x20000100        0x0 ./mtkernel_3/lib/libtk/fastlock.o
 .data          0x20000100        0x0 ./mtkernel_3/lib/libtk/fastmlock.o
 .data          0x20000100        0x0 ./mtkernel_3/lib/libtk/kmalloc.o
 .data          0x20000100        0x0 ./mtkernel_3/kernel/usermain/usermain.o
 .data          0x20000100        0x0 ./mtkernel_3/kernel/tstdlib/bitop.o
 .data          0x20000100        0x0 ./mtkernel_3/kernel/tstdlib/string.o
 .data          0x20000100        0x0 ./mtkernel_3/kernel/tkernel/cpuctl.o
 .data          0x20000100        0x0 ./mtkernel_3/kernel/tkernel/device.o
 .data          0x20000100        0x0 ./mtkernel_3/kernel/tkernel/deviceio.o
 .data          0x20000100        0x0 ./mtkernel_3/kernel/tkernel/eventflag.o
 .data          0x20000100        0x0 ./mtkernel_3/kernel/tkernel/int.o
 .data          0x20000100        0x0 ./mtkernel_3/kernel/tkernel/klock.o
 .data          0x20000100        0x0 ./mtkernel_3/kernel/tkernel/mailbox.o
 .data          0x20000100        0x0 ./mtkernel_3/kernel/tkernel/memory.o
 .data          0x20000100        0x0 ./mtkernel_3/kernel/tkernel/mempfix.o
 .data          0x20000100        0x0 ./mtkernel_3/kernel/tkernel/mempool.o
 .data          0x20000100        0x0 ./mtkernel_3/kernel/tkernel/messagebuf.o
 .data          0x20000100        0x0 ./mtkernel_3/kernel/tkernel/misc_calls.o
 .data          0x20000100        0x0 ./mtkernel_3/kernel/tkernel/mutex.o
 .data          0x20000100        0x0 ./mtkernel_3/kernel/tkernel/objname.o
 .data          0x20000100        0x0 ./mtkernel_3/kernel/tkernel/power.o
 .data          0x20000100        0x0 ./mtkernel_3/kernel/tkernel/rendezvous.o
 .data          0x20000100        0x0 ./mtkernel_3/kernel/tkernel/semaphore.o
 .data          0x20000100        0x0 ./mtkernel_3/kernel/tkernel/task.o
 .data          0x20000100        0x0 ./mtkernel_3/kernel/tkernel/task_manage.o
 .data          0x20000100        0x0 ./mtkernel_3/kernel/tkernel/task_sync.o
 .data          0x20000100        0x0 ./mtkernel_3/kernel/tkernel/time_calls.o
 .data          0x20000100        0x0 ./mtkernel_3/kernel/tkernel/timer.o
 .data          0x20000100        0x0 ./mtkernel_3/kernel/tkernel/tkinit.o
 .data          0x20000100        0x0 ./mtkernel_3/kernel/tkernel/wait.o
 .data          0x20000100        0x0 ./mtkernel_3/kernel/sysinit/sysinit.o
 .data          0x20000100        0x0 ./mtkernel_3/kernel/inittask/inittask.o
 .data          0x20000100        0x0 ./mtkernel_3/device/common/drvif/msdrvif.o
 .data          0x20000100        0x0 ./mtkernel_3/device/adc/adc.o
 .data          0x20000100        0x0 ./mtkernel_3/device/i2c/i2c.o
 .data          0x20000100        0x0 ./mtkernel_3/device/ser/ser.o
 .data          0x20000100       0x10 ./mtkernel_3/device/ser/sysdepend/nrf5/ser_nrf5.o
 .data          0x20000110        0x0 ./mtkernel_3/lib/libtm/sysdepend/microbit/tm_com.o
 .data          0x20000110        0x0 ./mtkernel_3/lib/libtm/sysdepend/no_device/tm_com.o
 .data          0x20000110        0x0 ./mtkernel_3/lib/libtk/sysdepend/cpu/nrf5/int_nrf5.o
 .data          0x20000110       0x3c ./mtkernel_3/lib/libtk/sysdepend/cpu/nrf5/ptimer_nrf5.o
 .data          0x2000014c        0x0 ./mtkernel_3/lib/libtk/sysdepend/cpu/core/armv7m/int_armv7m.o
 .data          0x2000014c        0x0 ./mtkernel_3/lib/libtk/sysdepend/cpu/core/armv7m/wusec_armv7m.o
 .data          0x2000014c        0x0 ./mtkernel_3/kernel/sysdepend/microbit/devinit.o
 .data          0x2000014c        0x0 ./mtkernel_3/kernel/sysdepend/microbit/hw_setting.o
 .data          0x2000014c        0x0 ./mtkernel_3/kernel/sysdepend/microbit/power_save.o
 .data          0x2000014c        0x0 ./mtkernel_3/kernel/sysdepend/cpu/nrf5/cpu_clock.o
 .data          0x2000014c        0x0 ./mtkernel_3/kernel/sysdepend/cpu/nrf5/vector_tbl.o
 .data          0x2000014c        0x0 ./mtkernel_3/kernel/sysdepend/cpu/core/armv7m/cpu_cntl.o
 .data          0x2000014c        0x0 ./mtkernel_3/kernel/sysdepend/cpu/core/armv7m/dispatch.o
 .data          0x2000014c        0x0 ./mtkernel_3/kernel/sysdepend/cpu/core/armv7m/exc_hdr.o
 .data          0x2000014c        0x0 ./mtkernel_3/kernel/sysdepend/cpu/core/armv7m/interrupt.o
 .data          0x2000014c        0x0 ./mtkernel_3/kernel/sysdepend/cpu/core/armv7m/reset_hdl.o
 .data          0x2000014c       0x14 ./mtkernel_3/CAV/src/LED.o
                0x20000150                led_dynamic_physical_timer
                0x2000015c                led_limit
 .data          0x20000160       0x2c ./mtkernel_3/CAV/src/STG.o
                0x2000017c                stg_timer_handler
                0x20000188                stg_limit
 .data          0x2000018c        0x0 ./mtkernel_3/CAV/src/app_main.o
 .data          0x2000018c        0x4 ./mtkernel_3/CAV/src/client.o
 .data          0x20000190        0x4 ./mtkernel_3/CAV/src/drive.o
                0x20000190                d_timer_limit
 .data          0x20000194        0x0 ./mtkernel_3/CAV/src/iic.o
 .data          0x20000194        0x0 ./mtkernel_3/CAV/src/list.o
 .data          0x20000194        0x0 ./mtkernel_3/CAV/src/maqueen.o
 .data          0x20000194        0x0 ./mtkernel_3/CAV/src/order.o
 .data          0x20000194        0x0 ./mtkernel_3/CAV/src/radio.o
 .data          0x20000194        0x4 ./mtkernel_3/CAV/src/server.o
                0x20000194                radio_interrupt_number
 .data          0x20000198        0x0 c:/program files (x86)/gnu arm embedded toolchain/10 2021.10/bin/../lib/gcc/arm-none-eabi/10.3.1/../../../../arm-none-eabi/lib/thumb/v7e-m+fp/hard\libg.a(lib_a-memcpy.o)
 *(.data.*)
                0x20000198                . = ALIGN (0x4)
                0x20000198                __data_end = .

.igot.plt       0x20000198        0x0 load address 0x0000ffc4
 .igot.plt      0x20000198        0x0 ./mtkernel_3/lib/libtm/libtm.o

.bss            0x20000198     0x2528 load address 0x0000ffc4
                0x20000198                __bss_start = .
                [!provide]                PROVIDE (__noinit_start = .)
 *(.noinit)
 .noinit        0x20000198      0x264 ./mtkernel_3/kernel/tkernel/device.o
                0x20000198                knl_DevMgrLock
                0x200001a8                knl_DefaultIDev
                0x200001ac                knl_DevCBtbl
                0x200003ec                knl_UsedDevCB
                0x200003f4                knl_FreeDevCB
 .noinit        0x200003fc      0x75c ./mtkernel_3/kernel/tkernel/deviceio.o
                0x200003fc                knl_OpnCBtbl
                0x200007fc                knl_FreeOpnCB
                0x20000804                knl_ReqCBtbl
                0x20000b44                knl_FreeReqCB
                0x20000b4c                knl_resource_control_block
 .noinit        0x20000b58      0x188 ./mtkernel_3/kernel/tkernel/eventflag.o
                0x20000b58                knl_flgcb_table
                0x20000cd8                knl_free_flgcb
 .noinit        0x20000ce0       0xe8 ./mtkernel_3/kernel/tkernel/mailbox.o
                0x20000ce0                knl_mbxcb_table
                0x20000dc0                knl_free_mbxcb
 .noinit        0x20000dc8        0x4 ./mtkernel_3/kernel/tkernel/memory.o
                0x20000dc8                knl_imacb
 .noinit        0x20000dcc      0x1c8 ./mtkernel_3/kernel/tkernel/mempfix.o
                0x20000dcc                knl_mpfcb_table
                0x20000f8c                knl_free_mpfcb
 .noinit        0x20000f94       0xd8 ./mtkernel_3/kernel/tkernel/mempool.o
                0x20000f94                knl_mplcb_table
                0x20001064                knl_free_mplcb
 .noinit        0x2000106c      0x1a8 ./mtkernel_3/kernel/tkernel/messagebuf.o
                0x2000106c                knl_mbfcb_table
                0x2000120c                knl_free_mbfcb
 .noinit        0x20001214       0x88 ./mtkernel_3/kernel/tkernel/mutex.o
                0x20001214                knl_mtxcb_table
                0x20001294                knl_free_mtxcb
 .noinit        0x2000129c      0x1c8 ./mtkernel_3/kernel/tkernel/semaphore.o
                0x2000129c                knl_semcb_table
                0x2000145c                knl_free_semcb
 .noinit        0x20001464      0xe24 ./mtkernel_3/kernel/tkernel/task.o
                0x20001464                knl_dispatch_disabled
                0x20001468                knl_ctxtsk
                0x2000146c                knl_schedtsk
                0x20001470                knl_ready_queue
                0x20001580                knl_tcb_table
                0x20002280                knl_free_tcb
 .noinit        0x20002288      0x1d0 ./mtkernel_3/kernel/tkernel/time_calls.o
                0x20002288                knl_cyccb_table
                0x20002328                knl_free_cyccb
                0x20002330                knl_almcb_table
                0x20002450                knl_free_almcb
 .noinit        0x20002458       0x18 ./mtkernel_3/kernel/tkernel/timer.o
                0x20002458                knl_current_time
                0x20002460                knl_real_time_ofs
                0x20002468                knl_timer_queue
 .noinit        0x20002470      0x100 ./mtkernel_3/kernel/sysdepend/cpu/core/armv7m/cpu_cntl.o
                0x20002470                knl_tmp_stack
 .noinit        0x20002570       0xc0 ./mtkernel_3/kernel/sysdepend/cpu/core/armv7m/interrupt.o
                [!provide]                PROVIDE (__noinit_end = .)
 *(.bss)
 .bss           0x20002630        0x0 ./mtkernel_3/lib/libtm/libtm.o
 .bss           0x20002630        0x0 ./mtkernel_3/lib/libtm/libtm_printf.o
 .bss           0x20002630        0x0 ./mtkernel_3/lib/libtk/fastlock.o
 .bss           0x20002630        0x0 ./mtkernel_3/lib/libtk/fastmlock.o
 .bss           0x20002630        0x0 ./mtkernel_3/lib/libtk/kmalloc.o
 .bss           0x20002630        0x0 ./mtkernel_3/kernel/usermain/usermain.o
 .bss           0x20002630        0x0 ./mtkernel_3/kernel/tstdlib/bitop.o
 .bss           0x20002630        0x0 ./mtkernel_3/kernel/tstdlib/string.o
 .bss           0x20002630        0x0 ./mtkernel_3/kernel/tkernel/cpuctl.o
 .bss           0x20002630        0x0 ./mtkernel_3/kernel/tkernel/device.o
 .bss           0x20002630        0x4 ./mtkernel_3/kernel/tkernel/deviceio.o
                0x20002630                knl_DisSusCnt
 .bss           0x20002634        0x0 ./mtkernel_3/kernel/tkernel/eventflag.o
 .bss           0x20002634        0x0 ./mtkernel_3/kernel/tkernel/int.o
 .bss           0x20002634        0x0 ./mtkernel_3/kernel/tkernel/klock.o
 .bss           0x20002634        0x0 ./mtkernel_3/kernel/tkernel/mailbox.o
 .bss           0x20002634        0x0 ./mtkernel_3/kernel/tkernel/memory.o
 .bss           0x20002634        0x0 ./mtkernel_3/kernel/tkernel/mempfix.o
 .bss           0x20002634        0x0 ./mtkernel_3/kernel/tkernel/mempool.o
 .bss           0x20002634        0x0 ./mtkernel_3/kernel/tkernel/messagebuf.o
 .bss           0x20002634        0x0 ./mtkernel_3/kernel/tkernel/misc_calls.o
 .bss           0x20002634        0x0 ./mtkernel_3/kernel/tkernel/mutex.o
 .bss           0x20002634        0x0 ./mtkernel_3/kernel/tkernel/objname.o
 .bss           0x20002634        0x4 ./mtkernel_3/kernel/tkernel/power.o
                0x20002634                knl_lowpow_discnt
 .bss           0x20002638        0x0 ./mtkernel_3/kernel/tkernel/rendezvous.o
 .bss           0x20002638        0x0 ./mtkernel_3/kernel/tkernel/semaphore.o
 .bss           0x20002638        0x0 ./mtkernel_3/kernel/tkernel/task.o
 .bss           0x20002638        0x0 ./mtkernel_3/kernel/tkernel/task_manage.o
 .bss           0x20002638        0x0 ./mtkernel_3/kernel/tkernel/task_sync.o
 .bss           0x20002638        0x0 ./mtkernel_3/kernel/tkernel/time_calls.o
 .bss           0x20002638        0x0 ./mtkernel_3/kernel/tkernel/timer.o
 .bss           0x20002638        0x0 ./mtkernel_3/kernel/tkernel/tkinit.o
 .bss           0x20002638        0x0 ./mtkernel_3/kernel/tkernel/wait.o
 .bss           0x20002638        0x0 ./mtkernel_3/kernel/sysinit/sysinit.o
 .bss           0x20002638        0x0 ./mtkernel_3/kernel/inittask/inittask.o
 .bss           0x20002638        0x0 ./mtkernel_3/device/common/drvif/msdrvif.o
 .bss           0x20002638        0x0 ./mtkernel_3/device/adc/adc.o
 .bss           0x20002638        0x0 ./mtkernel_3/device/i2c/i2c.o
 .bss           0x20002638        0x4 ./mtkernel_3/device/ser/ser.o
 .bss           0x2000263c        0x0 ./mtkernel_3/device/ser/sysdepend/nrf5/ser_nrf5.o
 .bss           0x2000263c        0x0 ./mtkernel_3/lib/libtm/sysdepend/microbit/tm_com.o
 .bss           0x2000263c        0x0 ./mtkernel_3/lib/libtm/sysdepend/no_device/tm_com.o
 .bss           0x2000263c        0x0 ./mtkernel_3/lib/libtk/sysdepend/cpu/nrf5/int_nrf5.o
 .bss           0x2000263c        0x0 ./mtkernel_3/lib/libtk/sysdepend/cpu/nrf5/ptimer_nrf5.o
 .bss           0x2000263c        0x0 ./mtkernel_3/lib/libtk/sysdepend/cpu/core/armv7m/int_armv7m.o
 .bss           0x2000263c        0x0 ./mtkernel_3/lib/libtk/sysdepend/cpu/core/armv7m/wusec_armv7m.o
 .bss           0x2000263c        0x0 ./mtkernel_3/kernel/sysdepend/microbit/devinit.o
 .bss           0x2000263c        0x0 ./mtkernel_3/kernel/sysdepend/microbit/hw_setting.o
 .bss           0x2000263c        0x0 ./mtkernel_3/kernel/sysdepend/microbit/power_save.o
 .bss           0x2000263c        0x0 ./mtkernel_3/kernel/sysdepend/cpu/nrf5/cpu_clock.o
 .bss           0x2000263c        0x0 ./mtkernel_3/kernel/sysdepend/cpu/nrf5/vector_tbl.o
 .bss           0x2000263c        0x4 ./mtkernel_3/kernel/sysdepend/cpu/core/armv7m/cpu_cntl.o
                0x2000263c                knl_taskindp
 .bss           0x20002640        0x0 ./mtkernel_3/kernel/sysdepend/cpu/core/armv7m/dispatch.o
 .bss           0x20002640        0x0 ./mtkernel_3/kernel/sysdepend/cpu/core/armv7m/exc_hdr.o
 .bss           0x20002640        0x0 ./mtkernel_3/kernel/sysdepend/cpu/core/armv7m/interrupt.o
 .bss           0x20002640        0x8 ./mtkernel_3/kernel/sysdepend/cpu/core/armv7m/reset_hdl.o
                0x20002640                knl_lowmem_top
                0x20002644                knl_lowmem_limit
 .bss           0x20002648        0x5 ./mtkernel_3/CAV/src/LED.o
 *fill*         0x2000264d        0x3 
 .bss           0x20002650        0x8 ./mtkernel_3/CAV/src/STG.o
                0x20002650                spatio_temporal_grid
                0x20002654                server_time
 .bss           0x20002658        0x0 ./mtkernel_3/CAV/src/app_main.o
 .bss           0x20002658        0xa ./mtkernel_3/CAV/src/client.o
                0x20002658                order_list_global
                0x2000265c                transfer_task_id
                0x20002660                previous_target
                0x20002661                current_target
 *fill*         0x20002662        0x2 
 .bss           0x20002664        0x6 ./mtkernel_3/CAV/src/drive.o
                0x20002664                d_request_sent_flag
                0x20002668                d_last_request_list_count
 *fill*         0x2000266a        0x2 
 .bss           0x2000266c       0x2c ./mtkernel_3/CAV/src/iic.o
 .bss           0x20002698        0x0 ./mtkernel_3/CAV/src/list.o
 .bss           0x20002698        0x0 ./mtkernel_3/CAV/src/maqueen.o
 .bss           0x20002698        0x0 ./mtkernel_3/CAV/src/order.o
 .bss           0x20002698       0x20 ./mtkernel_3/CAV/src/radio.o
                0x20002698                packet
 .bss           0x200026b8        0x5 ./mtkernel_3/CAV/src/server.o
                0x200026b8                radio_task_id
                0x200026bc                current_id
 .bss           0x200026bd        0x0 c:/program files (x86)/gnu arm embedded toolchain/10 2021.10/bin/../lib/gcc/arm-none-eabi/10.3.1/../../../../arm-none-eabi/lib/thumb/v7e-m+fp/hard\libg.a(lib_a-memcpy.o)
 *(.bss.*)
 *(COMMON)
                0x200026c0                . = ALIGN (0x4)
 *fill*         0x200026bd        0x3 
                0x200026c0                __bss_end = .
                0x200026c0                __end = .
OUTPUT(mtkernel_3.elf elf32-littlearm)
LOAD linker stubs

.debug_info     0x00000000    0x18d55
 .debug_info    0x00000000      0x24d ./mtkernel_3/lib/libtm/libtm.o
 .debug_info    0x0000024d      0x41c ./mtkernel_3/lib/libtm/libtm_printf.o
 .debug_info    0x00000669      0x36b ./mtkernel_3/lib/libtk/fastlock.o
 .debug_info    0x000009d4      0x4bd ./mtkernel_3/lib/libtk/fastmlock.o
 .debug_info    0x00000e91      0x1a5 ./mtkernel_3/lib/libtk/kmalloc.o
 .debug_info    0x00001036       0x9a ./mtkernel_3/kernel/usermain/usermain.o
 .debug_info    0x000010d0       0x70 ./mtkernel_3/kernel/tstdlib/bitop.o
 .debug_info    0x00001140      0x2bd ./mtkernel_3/kernel/tstdlib/string.o
 .debug_info    0x000013fd      0xa85 ./mtkernel_3/kernel/tkernel/cpuctl.o
 .debug_info    0x00001e82     0x129e ./mtkernel_3/kernel/tkernel/device.o
 .debug_info    0x00003120     0x182d ./mtkernel_3/kernel/tkernel/deviceio.o
 .debug_info    0x0000494d      0xd35 ./mtkernel_3/kernel/tkernel/eventflag.o
 .debug_info    0x00005682      0x72a ./mtkernel_3/kernel/tkernel/int.o
 .debug_info    0x00005dac      0x968 ./mtkernel_3/kernel/tkernel/klock.o
 .debug_info    0x00006714      0xcc3 ./mtkernel_3/kernel/tkernel/mailbox.o
 .debug_info    0x000073d7      0x51e ./mtkernel_3/kernel/tkernel/memory.o
 .debug_info    0x000078f5      0xdbf ./mtkernel_3/kernel/tkernel/mempfix.o
 .debug_info    0x000086b4     0x1050 ./mtkernel_3/kernel/tkernel/mempool.o
 .debug_info    0x00009704      0xfae ./mtkernel_3/kernel/tkernel/messagebuf.o
 .debug_info    0x0000a6b2      0x799 ./mtkernel_3/kernel/tkernel/misc_calls.o
 .debug_info    0x0000ae4b      0xe6d ./mtkernel_3/kernel/tkernel/mutex.o
 .debug_info    0x0000bcb8       0x70 ./mtkernel_3/kernel/tkernel/objname.o
 .debug_info    0x0000bd28       0x95 ./mtkernel_3/kernel/tkernel/power.o
 .debug_info    0x0000bdbd       0x70 ./mtkernel_3/kernel/tkernel/rendezvous.o
 .debug_info    0x0000be2d      0xc92 ./mtkernel_3/kernel/tkernel/semaphore.o
 .debug_info    0x0000cabf      0xc21 ./mtkernel_3/kernel/tkernel/task.o
 .debug_info    0x0000d6e0      0xfb3 ./mtkernel_3/kernel/tkernel/task_manage.o
 .debug_info    0x0000e693      0xa4e ./mtkernel_3/kernel/tkernel/task_sync.o
 .debug_info    0x0000f0e1     0x131b ./mtkernel_3/kernel/tkernel/time_calls.o
 .debug_info    0x000103fc      0xa21 ./mtkernel_3/kernel/tkernel/timer.o
 .debug_info    0x00010e1d      0x117 ./mtkernel_3/kernel/tkernel/tkinit.o
 .debug_info    0x00010f34      0xaad ./mtkernel_3/kernel/tkernel/wait.o
 .debug_info    0x000119e1      0x263 ./mtkernel_3/kernel/sysinit/sysinit.o
 .debug_info    0x00011c44      0x25c ./mtkernel_3/kernel/inittask/inittask.o
 .debug_info    0x00011ea0      0x77f ./mtkernel_3/device/common/drvif/msdrvif.o
 .debug_info    0x0001261f       0x70 ./mtkernel_3/device/adc/adc.o
 .debug_info    0x0001268f       0x70 ./mtkernel_3/device/i2c/i2c.o
 .debug_info    0x000126ff      0xb72 ./mtkernel_3/device/ser/ser.o
 .debug_info    0x00013271      0x5b6 ./mtkernel_3/device/ser/sysdepend/nrf5/ser_nrf5.o
 .debug_info    0x00013827      0x187 ./mtkernel_3/lib/libtm/sysdepend/microbit/tm_com.o
 .debug_info    0x000139ae       0x69 ./mtkernel_3/lib/libtm/sysdepend/no_device/tm_com.o
 .debug_info    0x00013a17      0x238 ./mtkernel_3/lib/libtk/sysdepend/cpu/nrf5/int_nrf5.o
 .debug_info    0x00013c4f      0x4bd ./mtkernel_3/lib/libtk/sysdepend/cpu/nrf5/ptimer_nrf5.o
 .debug_info    0x0001410c      0x1cb ./mtkernel_3/lib/libtk/sysdepend/cpu/core/armv7m/int_armv7m.o
 .debug_info    0x000142d7      0x167 ./mtkernel_3/lib/libtk/sysdepend/cpu/core/armv7m/wusec_armv7m.o
 .debug_info    0x0001443e       0xff ./mtkernel_3/kernel/sysdepend/microbit/devinit.o
 .debug_info    0x0001453d      0x1dc ./mtkernel_3/kernel/sysdepend/microbit/hw_setting.o
 .debug_info    0x00014719       0x98 ./mtkernel_3/kernel/sysdepend/microbit/power_save.o
 .debug_info    0x000147b1      0x10e ./mtkernel_3/kernel/sysdepend/cpu/nrf5/cpu_clock.o
 .debug_info    0x000148bf       0xeb ./mtkernel_3/kernel/sysdepend/cpu/nrf5/vector_tbl.o
 .debug_info    0x000149aa      0xab0 ./mtkernel_3/kernel/sysdepend/cpu/core/armv7m/cpu_cntl.o
 .debug_info    0x0001545a       0x25 ./mtkernel_3/kernel/sysdepend/cpu/core/armv7m/dispatch.o
 .debug_info    0x0001547f      0x723 ./mtkernel_3/kernel/sysdepend/cpu/core/armv7m/exc_hdr.o
 .debug_info    0x00015ba2      0x245 ./mtkernel_3/kernel/sysdepend/cpu/core/armv7m/interrupt.o
 .debug_info    0x00015de7      0x1c2 ./mtkernel_3/kernel/sysdepend/cpu/core/armv7m/reset_hdl.o
 .debug_info    0x00015fa9      0x42f ./mtkernel_3/CAV/src/LED.o
 .debug_info    0x000163d8      0xae3 ./mtkernel_3/CAV/src/STG.o
 .debug_info    0x00016ebb      0x2fd ./mtkernel_3/CAV/src/app_main.o
 .debug_info    0x000171b8      0x470 ./mtkernel_3/CAV/src/client.o
 .debug_info    0x00017628      0x434 ./mtkernel_3/CAV/src/drive.o
 .debug_info    0x00017a5c      0x79c ./mtkernel_3/CAV/src/iic.o
 .debug_info    0x000181f8      0x321 ./mtkernel_3/CAV/src/list.o
 .debug_info    0x00018519      0x270 ./mtkernel_3/CAV/src/maqueen.o
 .debug_info    0x00018789      0x165 ./mtkernel_3/CAV/src/order.o
 .debug_info    0x000188ee      0x180 ./mtkernel_3/CAV/src/radio.o
 .debug_info    0x00018a6e      0x2e7 ./mtkernel_3/CAV/src/server.o

.debug_abbrev   0x00000000     0x7341
 .debug_abbrev  0x00000000      0x120 ./mtkernel_3/lib/libtm/libtm.o
 .debug_abbrev  0x00000120      0x1f3 ./mtkernel_3/lib/libtm/libtm_printf.o
 .debug_abbrev  0x00000313      0x19d ./mtkernel_3/lib/libtk/fastlock.o
 .debug_abbrev  0x000004b0      0x1bc ./mtkernel_3/lib/libtk/fastmlock.o
 .debug_abbrev  0x0000066c      0x100 ./mtkernel_3/lib/libtk/kmalloc.o
 .debug_abbrev  0x0000076c       0x56 ./mtkernel_3/kernel/usermain/usermain.o
 .debug_abbrev  0x000007c2       0x28 ./mtkernel_3/kernel/tstdlib/bitop.o
 .debug_abbrev  0x000007ea       0xad ./mtkernel_3/kernel/tstdlib/string.o
 .debug_abbrev  0x00000897      0x272 ./mtkernel_3/kernel/tkernel/cpuctl.o
 .debug_abbrev  0x00000b09      0x3eb ./mtkernel_3/kernel/tkernel/device.o
 .debug_abbrev  0x00000ef4      0x486 ./mtkernel_3/kernel/tkernel/deviceio.o
 .debug_abbrev  0x0000137a      0x32e ./mtkernel_3/kernel/tkernel/eventflag.o
 .debug_abbrev  0x000016a8      0x223 ./mtkernel_3/kernel/tkernel/int.o
 .debug_abbrev  0x000018cb      0x2a5 ./mtkernel_3/kernel/tkernel/klock.o
 .debug_abbrev  0x00001b70      0x2df ./mtkernel_3/kernel/tkernel/mailbox.o
 .debug_abbrev  0x00001e4f      0x287 ./mtkernel_3/kernel/tkernel/memory.o
 .debug_abbrev  0x000020d6      0x350 ./mtkernel_3/kernel/tkernel/mempfix.o
 .debug_abbrev  0x00002426      0x397 ./mtkernel_3/kernel/tkernel/mempool.o
 .debug_abbrev  0x000027bd      0x37a ./mtkernel_3/kernel/tkernel/messagebuf.o
 .debug_abbrev  0x00002b37      0x215 ./mtkernel_3/kernel/tkernel/misc_calls.o
 .debug_abbrev  0x00002d4c      0x394 ./mtkernel_3/kernel/tkernel/mutex.o
 .debug_abbrev  0x000030e0       0x28 ./mtkernel_3/kernel/tkernel/objname.o
 .debug_abbrev  0x00003108       0x57 ./mtkernel_3/kernel/tkernel/power.o
 .debug_abbrev  0x0000315f       0x28 ./mtkernel_3/kernel/tkernel/rendezvous.o
 .debug_abbrev  0x00003187      0x32c ./mtkernel_3/kernel/tkernel/semaphore.o
 .debug_abbrev  0x000034b3      0x2f9 ./mtkernel_3/kernel/tkernel/task.o
 .debug_abbrev  0x000037ac      0x38f ./mtkernel_3/kernel/tkernel/task_manage.o
 .debug_abbrev  0x00003b3b      0x2ce ./mtkernel_3/kernel/tkernel/task_sync.o
 .debug_abbrev  0x00003e09      0x3a4 ./mtkernel_3/kernel/tkernel/time_calls.o
 .debug_abbrev  0x000041ad      0x2ec ./mtkernel_3/kernel/tkernel/timer.o
 .debug_abbrev  0x00004499       0x7f ./mtkernel_3/kernel/tkernel/tkinit.o
 .debug_abbrev  0x00004518      0x263 ./mtkernel_3/kernel/tkernel/wait.o
 .debug_abbrev  0x0000477b      0x15b ./mtkernel_3/kernel/sysinit/sysinit.o
 .debug_abbrev  0x000048d6      0x162 ./mtkernel_3/kernel/inittask/inittask.o
 .debug_abbrev  0x00004a38      0x253 ./mtkernel_3/device/common/drvif/msdrvif.o
 .debug_abbrev  0x00004c8b       0x28 ./mtkernel_3/device/adc/adc.o
 .debug_abbrev  0x00004cb3       0x28 ./mtkernel_3/device/i2c/i2c.o
 .debug_abbrev  0x00004cdb      0x34b ./mtkernel_3/device/ser/ser.o
 .debug_abbrev  0x00005026      0x21b ./mtkernel_3/device/ser/sysdepend/nrf5/ser_nrf5.o
 .debug_abbrev  0x00005241       0xdf ./mtkernel_3/lib/libtm/sysdepend/microbit/tm_com.o
 .debug_abbrev  0x00005320       0x28 ./mtkernel_3/lib/libtm/sysdepend/no_device/tm_com.o
 .debug_abbrev  0x00005348      0x122 ./mtkernel_3/lib/libtk/sysdepend/cpu/nrf5/int_nrf5.o
 .debug_abbrev  0x0000546a      0x1c4 ./mtkernel_3/lib/libtk/sysdepend/cpu/nrf5/ptimer_nrf5.o
 .debug_abbrev  0x0000562e       0xf9 ./mtkernel_3/lib/libtk/sysdepend/cpu/core/armv7m/int_armv7m.o
 .debug_abbrev  0x00005727       0xb6 ./mtkernel_3/lib/libtk/sysdepend/cpu/core/armv7m/wusec_armv7m.o
 .debug_abbrev  0x000057dd       0xa5 ./mtkernel_3/kernel/sysdepend/microbit/devinit.o
 .debug_abbrev  0x00005882      0x178 ./mtkernel_3/kernel/sysdepend/microbit/hw_setting.o
 .debug_abbrev  0x000059fa       0x47 ./mtkernel_3/kernel/sysdepend/microbit/power_save.o
 .debug_abbrev  0x00005a41       0xb9 ./mtkernel_3/kernel/sysdepend/cpu/nrf5/cpu_clock.o
 .debug_abbrev  0x00005afa       0x7e ./mtkernel_3/kernel/sysdepend/cpu/nrf5/vector_tbl.o
 .debug_abbrev  0x00005b78      0x256 ./mtkernel_3/kernel/sysdepend/cpu/core/armv7m/cpu_cntl.o
 .debug_abbrev  0x00005dce       0x14 ./mtkernel_3/kernel/sysdepend/cpu/core/armv7m/dispatch.o
 .debug_abbrev  0x00005de2      0x1de ./mtkernel_3/kernel/sysdepend/cpu/core/armv7m/exc_hdr.o
 .debug_abbrev  0x00005fc0      0x182 ./mtkernel_3/kernel/sysdepend/cpu/core/armv7m/interrupt.o
 .debug_abbrev  0x00006142       0xf7 ./mtkernel_3/kernel/sysdepend/cpu/core/armv7m/reset_hdl.o
 .debug_abbrev  0x00006239      0x226 ./mtkernel_3/CAV/src/LED.o
 .debug_abbrev  0x0000645f      0x25a ./mtkernel_3/CAV/src/STG.o
 .debug_abbrev  0x000066b9      0x16c ./mtkernel_3/CAV/src/app_main.o
 .debug_abbrev  0x00006825      0x1d1 ./mtkernel_3/CAV/src/client.o
 .debug_abbrev  0x000069f6      0x153 ./mtkernel_3/CAV/src/drive.o
 .debug_abbrev  0x00006b49      0x29c ./mtkernel_3/CAV/src/iic.o
 .debug_abbrev  0x00006de5      0x164 ./mtkernel_3/CAV/src/list.o
 .debug_abbrev  0x00006f49       0xda ./mtkernel_3/CAV/src/maqueen.o
 .debug_abbrev  0x00007023       0x95 ./mtkernel_3/CAV/src/order.o
 .debug_abbrev  0x000070b8      0x11b ./mtkernel_3/CAV/src/radio.o
 .debug_abbrev  0x000071d3      0x16e ./mtkernel_3/CAV/src/server.o

.debug_aranges  0x00000000      0x800
 .debug_aranges
                0x00000000       0x20 ./mtkernel_3/lib/libtm/libtm.o
 .debug_aranges
                0x00000020       0x20 ./mtkernel_3/lib/libtm/libtm_printf.o
 .debug_aranges
                0x00000040       0x20 ./mtkernel_3/lib/libtk/fastlock.o
 .debug_aranges
                0x00000060       0x20 ./mtkernel_3/lib/libtk/fastmlock.o
 .debug_aranges
                0x00000080       0x20 ./mtkernel_3/lib/libtk/kmalloc.o
 .debug_aranges
                0x000000a0       0x20 ./mtkernel_3/kernel/usermain/usermain.o
 .debug_aranges
                0x000000c0       0x18 ./mtkernel_3/kernel/tstdlib/bitop.o
 .debug_aranges
                0x000000d8       0x20 ./mtkernel_3/kernel/tstdlib/string.o
 .debug_aranges
                0x000000f8       0x20 ./mtkernel_3/kernel/tkernel/cpuctl.o
 .debug_aranges
                0x00000118       0x20 ./mtkernel_3/kernel/tkernel/device.o
 .debug_aranges
                0x00000138       0x20 ./mtkernel_3/kernel/tkernel/deviceio.o
 .debug_aranges
                0x00000158       0x20 ./mtkernel_3/kernel/tkernel/eventflag.o
 .debug_aranges
                0x00000178       0x20 ./mtkernel_3/kernel/tkernel/int.o
 .debug_aranges
                0x00000198       0x20 ./mtkernel_3/kernel/tkernel/klock.o
 .debug_aranges
                0x000001b8       0x20 ./mtkernel_3/kernel/tkernel/mailbox.o
 .debug_aranges
                0x000001d8       0x20 ./mtkernel_3/kernel/tkernel/memory.o
 .debug_aranges
                0x000001f8       0x20 ./mtkernel_3/kernel/tkernel/mempfix.o
 .debug_aranges
                0x00000218       0x20 ./mtkernel_3/kernel/tkernel/mempool.o
 .debug_aranges
                0x00000238       0x20 ./mtkernel_3/kernel/tkernel/messagebuf.o
 .debug_aranges
                0x00000258       0x20 ./mtkernel_3/kernel/tkernel/misc_calls.o
 .debug_aranges
                0x00000278       0x20 ./mtkernel_3/kernel/tkernel/mutex.o
 .debug_aranges
                0x00000298       0x18 ./mtkernel_3/kernel/tkernel/objname.o
 .debug_aranges
                0x000002b0       0x18 ./mtkernel_3/kernel/tkernel/power.o
 .debug_aranges
                0x000002c8       0x18 ./mtkernel_3/kernel/tkernel/rendezvous.o
 .debug_aranges
                0x000002e0       0x20 ./mtkernel_3/kernel/tkernel/semaphore.o
 .debug_aranges
                0x00000300       0x20 ./mtkernel_3/kernel/tkernel/task.o
 .debug_aranges
                0x00000320       0x20 ./mtkernel_3/kernel/tkernel/task_manage.o
 .debug_aranges
                0x00000340       0x20 ./mtkernel_3/kernel/tkernel/task_sync.o
 .debug_aranges
                0x00000360       0x20 ./mtkernel_3/kernel/tkernel/time_calls.o
 .debug_aranges
                0x00000380       0x20 ./mtkernel_3/kernel/tkernel/timer.o
 .debug_aranges
                0x000003a0       0x20 ./mtkernel_3/kernel/tkernel/tkinit.o
 .debug_aranges
                0x000003c0       0x20 ./mtkernel_3/kernel/tkernel/wait.o
 .debug_aranges
                0x000003e0       0x20 ./mtkernel_3/kernel/sysinit/sysinit.o
 .debug_aranges
                0x00000400       0x20 ./mtkernel_3/kernel/inittask/inittask.o
 .debug_aranges
                0x00000420       0x20 ./mtkernel_3/device/common/drvif/msdrvif.o
 .debug_aranges
                0x00000440       0x18 ./mtkernel_3/device/adc/adc.o
 .debug_aranges
                0x00000458       0x18 ./mtkernel_3/device/i2c/i2c.o
 .debug_aranges
                0x00000470       0x20 ./mtkernel_3/device/ser/ser.o
 .debug_aranges
                0x00000490       0x20 ./mtkernel_3/device/ser/sysdepend/nrf5/ser_nrf5.o
 .debug_aranges
                0x000004b0       0x20 ./mtkernel_3/lib/libtm/sysdepend/microbit/tm_com.o
 .debug_aranges
                0x000004d0       0x18 ./mtkernel_3/lib/libtm/sysdepend/no_device/tm_com.o
 .debug_aranges
                0x000004e8       0x20 ./mtkernel_3/lib/libtk/sysdepend/cpu/nrf5/int_nrf5.o
 .debug_aranges
                0x00000508       0x20 ./mtkernel_3/lib/libtk/sysdepend/cpu/nrf5/ptimer_nrf5.o
 .debug_aranges
                0x00000528       0x20 ./mtkernel_3/lib/libtk/sysdepend/cpu/core/armv7m/int_armv7m.o
 .debug_aranges
                0x00000548       0x20 ./mtkernel_3/lib/libtk/sysdepend/cpu/core/armv7m/wusec_armv7m.o
 .debug_aranges
                0x00000568       0x20 ./mtkernel_3/kernel/sysdepend/microbit/devinit.o
 .debug_aranges
                0x00000588       0x20 ./mtkernel_3/kernel/sysdepend/microbit/hw_setting.o
 .debug_aranges
                0x000005a8       0x20 ./mtkernel_3/kernel/sysdepend/microbit/power_save.o
 .debug_aranges
                0x000005c8       0x20 ./mtkernel_3/kernel/sysdepend/cpu/nrf5/cpu_clock.o
 .debug_aranges
                0x000005e8       0x18 ./mtkernel_3/kernel/sysdepend/cpu/nrf5/vector_tbl.o
 .debug_aranges
                0x00000600       0x20 ./mtkernel_3/kernel/sysdepend/cpu/core/armv7m/cpu_cntl.o
 .debug_aranges
                0x00000620       0x20 ./mtkernel_3/kernel/sysdepend/cpu/core/armv7m/dispatch.o
 .debug_aranges
                0x00000640       0x20 ./mtkernel_3/kernel/sysdepend/cpu/core/armv7m/exc_hdr.o
 .debug_aranges
                0x00000660       0x20 ./mtkernel_3/kernel/sysdepend/cpu/core/armv7m/interrupt.o
 .debug_aranges
                0x00000680       0x20 ./mtkernel_3/kernel/sysdepend/cpu/core/armv7m/reset_hdl.o
 .debug_aranges
                0x000006a0       0x20 ./mtkernel_3/CAV/src/LED.o
 .debug_aranges
                0x000006c0       0x20 ./mtkernel_3/CAV/src/STG.o
 .debug_aranges
                0x000006e0       0x20 ./mtkernel_3/CAV/src/app_main.o
 .debug_aranges
                0x00000700       0x20 ./mtkernel_3/CAV/src/client.o
 .debug_aranges
                0x00000720       0x20 ./mtkernel_3/CAV/src/drive.o
 .debug_aranges
                0x00000740       0x20 ./mtkernel_3/CAV/src/iic.o
 .debug_aranges
                0x00000760       0x20 ./mtkernel_3/CAV/src/list.o
 .debug_aranges
                0x00000780       0x20 ./mtkernel_3/CAV/src/maqueen.o
 .debug_aranges
                0x000007a0       0x20 ./mtkernel_3/CAV/src/order.o
 .debug_aranges
                0x000007c0       0x20 ./mtkernel_3/CAV/src/radio.o
 .debug_aranges
                0x000007e0       0x20 ./mtkernel_3/CAV/src/server.o

.debug_macro    0x00000000     0xaf8e
 .debug_macro   0x00000000      0x167 ./mtkernel_3/lib/libtm/libtm.o
 .debug_macro   0x00000167      0xacc ./mtkernel_3/lib/libtm/libtm.o
 .debug_macro   0x00000c33      0x169 ./mtkernel_3/lib/libtm/libtm.o
 .debug_macro   0x00000d9c      0x29a ./mtkernel_3/lib/libtm/libtm.o
 .debug_macro   0x00001036       0x28 ./mtkernel_3/lib/libtm/libtm.o
 .debug_macro   0x0000105e       0x1c ./mtkernel_3/lib/libtm/libtm.o
 .debug_macro   0x0000107a       0x34 ./mtkernel_3/lib/libtm/libtm.o
 .debug_macro   0x000010ae       0x46 ./mtkernel_3/lib/libtm/libtm.o
 .debug_macro   0x000010f4       0xa6 ./mtkernel_3/lib/libtm/libtm.o
 .debug_macro   0x0000119a       0x1c ./mtkernel_3/lib/libtm/libtm.o
 .debug_macro   0x000011b6      0x1cc ./mtkernel_3/lib/libtm/libtm.o
 .debug_macro   0x00001382      0x2ad ./mtkernel_3/lib/libtm/libtm.o
 .debug_macro   0x0000162f       0x10 ./mtkernel_3/lib/libtm/libtm.o
 .debug_macro   0x0000163f      0x238 ./mtkernel_3/lib/libtm/libtm.o
 .debug_macro   0x00001877       0x16 ./mtkernel_3/lib/libtm/libtm.o
 .debug_macro   0x0000188d       0x8e ./mtkernel_3/lib/libtm/libtm.o
 .debug_macro   0x0000191b       0x16 ./mtkernel_3/lib/libtm/libtm.o
 .debug_macro   0x00001931       0xa6 ./mtkernel_3/lib/libtm/libtm.o
 .debug_macro   0x000019d7      0x2aa ./mtkernel_3/lib/libtm/libtm.o
 .debug_macro   0x00001c81       0x16 ./mtkernel_3/lib/libtm/libtm.o
 .debug_macro   0x00001c97      0x107 ./mtkernel_3/lib/libtm/libtm.o
 .debug_macro   0x00001d9e       0x1c ./mtkernel_3/lib/libtm/libtm.o
 .debug_macro   0x00001dba       0x2e ./mtkernel_3/lib/libtm/libtm.o
 .debug_macro   0x00001de8       0x19 ./mtkernel_3/lib/libtm/libtm.o
 .debug_macro   0x00001e01       0x22 ./mtkernel_3/lib/libtm/libtm.o
 .debug_macro   0x00001e23       0x16 ./mtkernel_3/lib/libtm/libtm.o
 .debug_macro   0x00001e39      0x194 ./mtkernel_3/lib/libtm/libtm_printf.o
 .debug_macro   0x00001fcd       0x58 ./mtkernel_3/lib/libtm/libtm_printf.o
 .debug_macro   0x00002025      0x14b ./mtkernel_3/lib/libtk/fastlock.o
 .debug_macro   0x00002170      0x14b ./mtkernel_3/lib/libtk/fastmlock.o
 .debug_macro   0x000022bb      0x14b ./mtkernel_3/lib/libtk/kmalloc.o
 .debug_macro   0x00002406      0x155 ./mtkernel_3/kernel/usermain/usermain.o
 .debug_macro   0x0000255b      0x157 ./mtkernel_3/kernel/tstdlib/bitop.o
 .debug_macro   0x000026b2      0x227 ./mtkernel_3/kernel/tstdlib/string.o
 .debug_macro   0x000028d9       0x16 ./mtkernel_3/kernel/tstdlib/string.o
 .debug_macro   0x000028ef       0x46 ./mtkernel_3/kernel/tstdlib/string.o
 .debug_macro   0x00002935       0x94 ./mtkernel_3/kernel/tstdlib/string.o
 .debug_macro   0x000029c9       0x22 ./mtkernel_3/kernel/tstdlib/string.o
 .debug_macro   0x000029eb       0x1c ./mtkernel_3/kernel/tstdlib/string.o
 .debug_macro   0x00002a07       0x1c ./mtkernel_3/kernel/tstdlib/string.o
 .debug_macro   0x00002a23       0x52 ./mtkernel_3/kernel/tstdlib/string.o
 .debug_macro   0x00002a75       0x2e ./mtkernel_3/kernel/tstdlib/string.o
 .debug_macro   0x00002aa3      0x24c ./mtkernel_3/kernel/tkernel/cpuctl.o
 .debug_macro   0x00002cef       0x22 ./mtkernel_3/kernel/tkernel/cpuctl.o
 .debug_macro   0x00002d11       0x10 ./mtkernel_3/kernel/tkernel/cpuctl.o
 .debug_macro   0x00002d21       0xab ./mtkernel_3/kernel/tkernel/cpuctl.o
 .debug_macro   0x00002dcc      0x248 ./mtkernel_3/kernel/tkernel/device.o
 .debug_macro   0x00003014       0x46 ./mtkernel_3/kernel/tkernel/device.o
 .debug_macro   0x0000305a       0x40 ./mtkernel_3/kernel/tkernel/device.o
 .debug_macro   0x0000309a       0x6a ./mtkernel_3/kernel/tkernel/device.o
 .debug_macro   0x00003104      0x248 ./mtkernel_3/kernel/tkernel/deviceio.o
 .debug_macro   0x0000334c      0x263 ./mtkernel_3/kernel/tkernel/eventflag.o
 .debug_macro   0x000035af       0x10 ./mtkernel_3/kernel/tkernel/eventflag.o
 .debug_macro   0x000035bf      0x230 ./mtkernel_3/kernel/tkernel/int.o
 .debug_macro   0x000037ef      0x244 ./mtkernel_3/kernel/tkernel/klock.o
 .debug_macro   0x00003a33      0x263 ./mtkernel_3/kernel/tkernel/mailbox.o
 .debug_macro   0x00003c96       0x1c ./mtkernel_3/kernel/tkernel/mailbox.o
 .debug_macro   0x00003cb2      0x23f ./mtkernel_3/kernel/tkernel/memory.o
 .debug_macro   0x00003ef1       0x58 ./mtkernel_3/kernel/tkernel/memory.o
 .debug_macro   0x00003f49      0x26d ./mtkernel_3/kernel/tkernel/mempfix.o
 .debug_macro   0x000041b6       0x1c ./mtkernel_3/kernel/tkernel/mempfix.o
 .debug_macro   0x000041d2      0x27b ./mtkernel_3/kernel/tkernel/mempool.o
 .debug_macro   0x0000444d       0x10 ./mtkernel_3/kernel/tkernel/mempool.o
 .debug_macro   0x0000445d      0x263 ./mtkernel_3/kernel/tkernel/messagebuf.o
 .debug_macro   0x000046c0       0x22 ./mtkernel_3/kernel/tkernel/messagebuf.o
 .debug_macro   0x000046e2      0x230 ./mtkernel_3/kernel/tkernel/misc_calls.o
 .debug_macro   0x00004912      0x25e ./mtkernel_3/kernel/tkernel/mutex.o
 .debug_macro   0x00004b70      0x227 ./mtkernel_3/kernel/tkernel/objname.o
 .debug_macro   0x00004d97      0x230 ./mtkernel_3/kernel/tkernel/power.o
 .debug_macro   0x00004fc7      0x263 ./mtkernel_3/kernel/tkernel/rendezvous.o
 .debug_macro   0x0000522a       0x10 ./mtkernel_3/kernel/tkernel/rendezvous.o
 .debug_macro   0x0000523a      0x263 ./mtkernel_3/kernel/tkernel/semaphore.o
 .debug_macro   0x0000549d       0x10 ./mtkernel_3/kernel/tkernel/semaphore.o
 .debug_macro   0x000054ad      0x280 ./mtkernel_3/kernel/tkernel/task.o
 .debug_macro   0x0000572d       0x1c ./mtkernel_3/kernel/tkernel/task.o
 .debug_macro   0x00005749       0x16 ./mtkernel_3/kernel/tkernel/task.o
 .debug_macro   0x0000575f      0x280 ./mtkernel_3/kernel/tkernel/task_manage.o
 .debug_macro   0x000059df      0x263 ./mtkernel_3/kernel/tkernel/task_sync.o
 .debug_macro   0x00005c42      0x28a ./mtkernel_3/kernel/tkernel/time_calls.o
 .debug_macro   0x00005ecc       0x1c ./mtkernel_3/kernel/tkernel/time_calls.o
 .debug_macro   0x00005ee8       0x1c ./mtkernel_3/kernel/tkernel/time_calls.o
 .debug_macro   0x00005f04      0x252 ./mtkernel_3/kernel/tkernel/timer.o
 .debug_macro   0x00006156      0x22b ./mtkernel_3/kernel/tkernel/tkinit.o
 .debug_macro   0x00006381      0x251 ./mtkernel_3/kernel/tkernel/wait.o
 .debug_macro   0x000065d2      0x227 ./mtkernel_3/kernel/sysinit/sysinit.o
 .debug_macro   0x000067f9      0x229 ./mtkernel_3/kernel/inittask/inittask.o
 .debug_macro   0x00006a22       0x2e ./mtkernel_3/kernel/inittask/inittask.o
 .debug_macro   0x00006a50       0x10 ./mtkernel_3/kernel/inittask/inittask.o
 .debug_macro   0x00006a60      0x161 ./mtkernel_3/device/common/drvif/msdrvif.o
 .debug_macro   0x00006bc1      0x194 ./mtkernel_3/device/adc/adc.o
 .debug_macro   0x00006d55       0x10 ./mtkernel_3/device/adc/adc.o
 .debug_macro   0x00006d65       0x1c ./mtkernel_3/device/adc/adc.o
 .debug_macro   0x00006d81       0x16 ./mtkernel_3/device/adc/adc.o
 .debug_macro   0x00006d97      0x194 ./mtkernel_3/device/i2c/i2c.o
 .debug_macro   0x00006f2b       0x1c ./mtkernel_3/device/i2c/i2c.o
 .debug_macro   0x00006f47      0x1b4 ./mtkernel_3/device/ser/ser.o
 .debug_macro   0x000070fb       0x10 ./mtkernel_3/device/ser/ser.o
 .debug_macro   0x0000710b       0x52 ./mtkernel_3/device/ser/ser.o
 .debug_macro   0x0000715d       0x2e ./mtkernel_3/device/ser/ser.o
 .debug_macro   0x0000718b       0x16 ./mtkernel_3/device/ser/ser.o
 .debug_macro   0x000071a1       0x10 ./mtkernel_3/device/ser/ser.o
 .debug_macro   0x000071b1       0x16 ./mtkernel_3/device/ser/ser.o
 .debug_macro   0x000071c7      0x1b0 ./mtkernel_3/device/ser/sysdepend/nrf5/ser_nrf5.o
 .debug_macro   0x00007377       0xf6 ./mtkernel_3/lib/libtm/sysdepend/microbit/tm_com.o
 .debug_macro   0x0000746d       0x40 ./mtkernel_3/lib/libtm/sysdepend/microbit/tm_com.o
 .debug_macro   0x000074ad       0x16 ./mtkernel_3/lib/libtm/sysdepend/microbit/tm_com.o
 .debug_macro   0x000074c3       0xac ./mtkernel_3/lib/libtm/sysdepend/microbit/tm_com.o
 .debug_macro   0x0000756f       0xa4 ./mtkernel_3/lib/libtm/sysdepend/no_device/tm_com.o
 .debug_macro   0x00007613      0x159 ./mtkernel_3/lib/libtk/sysdepend/cpu/nrf5/int_nrf5.o
 .debug_macro   0x0000776c      0x15b ./mtkernel_3/lib/libtk/sysdepend/cpu/nrf5/ptimer_nrf5.o
 .debug_macro   0x000078c7      0x155 ./mtkernel_3/lib/libtk/sysdepend/cpu/core/armv7m/int_armv7m.o
 .debug_macro   0x00007a1c      0x151 ./mtkernel_3/lib/libtk/sysdepend/cpu/core/armv7m/wusec_armv7m.o
 .debug_macro   0x00007b6d      0x275 ./mtkernel_3/kernel/sysdepend/microbit/devinit.o
 .debug_macro   0x00007de2      0x23f ./mtkernel_3/kernel/sysdepend/microbit/hw_setting.o
 .debug_macro   0x00008021      0x23f ./mtkernel_3/kernel/sysdepend/microbit/power_save.o
 .debug_macro   0x00008260      0x15f ./mtkernel_3/kernel/sysdepend/cpu/nrf5/cpu_clock.o
 .debug_macro   0x000083bf      0x248 ./mtkernel_3/kernel/sysdepend/cpu/nrf5/vector_tbl.o
 .debug_macro   0x00008607       0x1c ./mtkernel_3/kernel/sysdepend/cpu/nrf5/vector_tbl.o
 .debug_macro   0x00008623      0x251 ./mtkernel_3/kernel/sysdepend/cpu/core/armv7m/cpu_cntl.o
 .debug_macro   0x00008874      0x247 ./mtkernel_3/kernel/sysdepend/cpu/core/armv7m/exc_hdr.o
 .debug_macro   0x00008abb      0x248 ./mtkernel_3/kernel/sysdepend/cpu/core/armv7m/interrupt.o
 .debug_macro   0x00008d03      0x248 ./mtkernel_3/kernel/sysdepend/cpu/core/armv7m/reset_hdl.o
 .debug_macro   0x00008f4b      0x15a ./mtkernel_3/CAV/src/LED.o
 .debug_macro   0x000090a5       0x40 ./mtkernel_3/CAV/src/LED.o
 .debug_macro   0x000090e5      0x17e ./mtkernel_3/CAV/src/STG.o
 .debug_macro   0x00009263      0xa6c ./mtkernel_3/CAV/src/STG.o
 .debug_macro   0x00009ccf       0x2e ./mtkernel_3/CAV/src/STG.o
 .debug_macro   0x00009cfd       0x58 ./mtkernel_3/CAV/src/STG.o
 .debug_macro   0x00009d55       0x46 ./mtkernel_3/CAV/src/STG.o
 .debug_macro   0x00009d9b      0x1e3 ./mtkernel_3/CAV/src/app_main.o
 .debug_macro   0x00009f7e       0xe8 ./mtkernel_3/CAV/src/app_main.o
 .debug_macro   0x0000a066       0x7c ./mtkernel_3/CAV/src/app_main.o
 .debug_macro   0x0000a0e2       0x3a ./mtkernel_3/CAV/src/app_main.o
 .debug_macro   0x0000a11c       0x10 ./mtkernel_3/CAV/src/app_main.o
 .debug_macro   0x0000a12c       0x16 ./mtkernel_3/CAV/src/app_main.o
 .debug_macro   0x0000a142       0x5e ./mtkernel_3/CAV/src/app_main.o
 .debug_macro   0x0000a1a0      0x19e ./mtkernel_3/CAV/src/client.o
 .debug_macro   0x0000a33e      0x1f6 ./mtkernel_3/CAV/src/client.o
 .debug_macro   0x0000a534      0x1ec ./mtkernel_3/CAV/src/drive.o
 .debug_macro   0x0000a720      0x16f ./mtkernel_3/CAV/src/iic.o
 .debug_macro   0x0000a88f      0x155 ./mtkernel_3/CAV/src/list.o
 .debug_macro   0x0000a9e4      0x173 ./mtkernel_3/CAV/src/maqueen.o
 .debug_macro   0x0000ab57       0xe2 ./mtkernel_3/CAV/src/maqueen.o
 .debug_macro   0x0000ac39       0x6d ./mtkernel_3/CAV/src/order.o
 .debug_macro   0x0000aca6       0x28 ./mtkernel_3/CAV/src/order.o
 .debug_macro   0x0000acce      0x154 ./mtkernel_3/CAV/src/radio.o
 .debug_macro   0x0000ae22      0x16c ./mtkernel_3/CAV/src/server.o

.debug_line     0x00000000    0x1a348
 .debug_line    0x00000000      0x40c ./mtkernel_3/lib/libtm/libtm.o
 .debug_line    0x0000040c      0x7e6 ./mtkernel_3/lib/libtm/libtm_printf.o
 .debug_line    0x00000bf2      0x3c4 ./mtkernel_3/lib/libtk/fastlock.o
 .debug_line    0x00000fb6      0x43b ./mtkernel_3/lib/libtk/fastmlock.o
 .debug_line    0x000013f1      0x354 ./mtkernel_3/lib/libtk/kmalloc.o
 .debug_line    0x00001745      0x362 ./mtkernel_3/kernel/usermain/usermain.o
 .debug_line    0x00001aa7      0x32b ./mtkernel_3/kernel/tstdlib/bitop.o
 .debug_line    0x00001dd2      0x65c ./mtkernel_3/kernel/tstdlib/string.o
 .debug_line    0x0000242e      0x7f5 ./mtkernel_3/kernel/tkernel/cpuctl.o
 .debug_line    0x00002c23      0x99f ./mtkernel_3/kernel/tkernel/device.o
 .debug_line    0x000035c2      0xdbb ./mtkernel_3/kernel/tkernel/deviceio.o
 .debug_line    0x0000437d      0x90f ./mtkernel_3/kernel/tkernel/eventflag.o
 .debug_line    0x00004c8c      0x574 ./mtkernel_3/kernel/tkernel/int.o
 .debug_line    0x00005200      0x703 ./mtkernel_3/kernel/tkernel/klock.o
 .debug_line    0x00005903      0x862 ./mtkernel_3/kernel/tkernel/mailbox.o
 .debug_line    0x00006165      0x807 ./mtkernel_3/kernel/tkernel/memory.o
 .debug_line    0x0000696c      0x967 ./mtkernel_3/kernel/tkernel/mempfix.o
 .debug_line    0x000072d3      0xb9b ./mtkernel_3/kernel/tkernel/mempool.o
 .debug_line    0x00007e6e      0xb02 ./mtkernel_3/kernel/tkernel/messagebuf.o
 .debug_line    0x00008970      0x604 ./mtkernel_3/kernel/tkernel/misc_calls.o
 .debug_line    0x00008f74      0xacc ./mtkernel_3/kernel/tkernel/mutex.o
 .debug_line    0x00009a40      0x510 ./mtkernel_3/kernel/tkernel/objname.o
 .debug_line    0x00009f50      0x519 ./mtkernel_3/kernel/tkernel/power.o
 .debug_line    0x0000a469      0x55e ./mtkernel_3/kernel/tkernel/rendezvous.o
 .debug_line    0x0000a9c7      0x8e2 ./mtkernel_3/kernel/tkernel/semaphore.o
 .debug_line    0x0000b2a9      0x8f9 ./mtkernel_3/kernel/tkernel/task.o
 .debug_line    0x0000bba2      0xc8e ./mtkernel_3/kernel/tkernel/task_manage.o
 .debug_line    0x0000c830      0x9a0 ./mtkernel_3/kernel/tkernel/task_sync.o
 .debug_line    0x0000d1d0      0xd46 ./mtkernel_3/kernel/tkernel/time_calls.o
 .debug_line    0x0000df16      0x7b1 ./mtkernel_3/kernel/tkernel/timer.o
 .debug_line    0x0000e6c7      0x5d1 ./mtkernel_3/kernel/tkernel/tkinit.o
 .debug_line    0x0000ec98      0x72d ./mtkernel_3/kernel/tkernel/wait.o
 .debug_line    0x0000f3c5      0x57e ./mtkernel_3/kernel/sysinit/sysinit.o
 .debug_line    0x0000f943      0x57c ./mtkernel_3/kernel/inittask/inittask.o
 .debug_line    0x0000febf      0x497 ./mtkernel_3/device/common/drvif/msdrvif.o
 .debug_line    0x00010356      0x3ca ./mtkernel_3/device/adc/adc.o
 .debug_line    0x00010720      0x3ca ./mtkernel_3/device/i2c/i2c.o
 .debug_line    0x00010aea      0x82b ./mtkernel_3/device/ser/ser.o
 .debug_line    0x00011315      0x6a7 ./mtkernel_3/device/ser/sysdepend/nrf5/ser_nrf5.o
 .debug_line    0x000119bc      0x380 ./mtkernel_3/lib/libtm/sysdepend/microbit/tm_com.o
 .debug_line    0x00011d3c      0x211 ./mtkernel_3/lib/libtm/sysdepend/no_device/tm_com.o
 .debug_line    0x00011f4d      0x3ea ./mtkernel_3/lib/libtk/sysdepend/cpu/nrf5/int_nrf5.o
 .debug_line    0x00012337      0x527 ./mtkernel_3/lib/libtk/sysdepend/cpu/nrf5/ptimer_nrf5.o
 .debug_line    0x0001285e      0x3da ./mtkernel_3/lib/libtk/sysdepend/cpu/core/armv7m/int_armv7m.o
 .debug_line    0x00012c38      0x3f0 ./mtkernel_3/lib/libtk/sysdepend/cpu/core/armv7m/wusec_armv7m.o
 .debug_line    0x00013028      0x6a1 ./mtkernel_3/kernel/sysdepend/microbit/devinit.o
 .debug_line    0x000136c9      0x61c ./mtkernel_3/kernel/sysdepend/microbit/hw_setting.o
 .debug_line    0x00013ce5      0x5c0 ./mtkernel_3/kernel/sysdepend/microbit/power_save.o
 .debug_line    0x000142a5      0x3f0 ./mtkernel_3/kernel/sysdepend/cpu/nrf5/cpu_clock.o
 .debug_line    0x00014695      0x628 ./mtkernel_3/kernel/sysdepend/cpu/nrf5/vector_tbl.o
 .debug_line    0x00014cbd      0x80b ./mtkernel_3/kernel/sysdepend/cpu/core/armv7m/cpu_cntl.o
 .debug_line    0x000154c8       0x87 ./mtkernel_3/kernel/sysdepend/cpu/core/armv7m/dispatch.o
 .debug_line    0x0001554f      0x6e8 ./mtkernel_3/kernel/sysdepend/cpu/core/armv7m/exc_hdr.o
 .debug_line    0x00015c37      0x6da ./mtkernel_3/kernel/sysdepend/cpu/core/armv7m/interrupt.o
 .debug_line    0x00016311      0x71f ./mtkernel_3/kernel/sysdepend/cpu/core/armv7m/reset_hdl.o
 .debug_line    0x00016a30      0x529 ./mtkernel_3/CAV/src/LED.o
 .debug_line    0x00016f59      0x91c ./mtkernel_3/CAV/src/STG.o
 .debug_line    0x00017875      0x543 ./mtkernel_3/CAV/src/app_main.o
 .debug_line    0x00017db8      0x593 ./mtkernel_3/CAV/src/client.o
 .debug_line    0x0001834b      0x5d9 ./mtkernel_3/CAV/src/drive.o
 .debug_line    0x00018924      0x80b ./mtkernel_3/CAV/src/iic.o
 .debug_line    0x0001912f      0x42a ./mtkernel_3/CAV/src/list.o
 .debug_line    0x00019559      0x4ae ./mtkernel_3/CAV/src/maqueen.o
 .debug_line    0x00019a07      0x19b ./mtkernel_3/CAV/src/order.o
 .debug_line    0x00019ba2      0x39c ./mtkernel_3/CAV/src/radio.o
 .debug_line    0x00019f3e      0x40a ./mtkernel_3/CAV/src/server.o

.debug_str      0x00000000     0xdd48
 .debug_str     0x00000000     0x6da8 ./mtkernel_3/lib/libtm/libtm.o
                               0x6e61 (size before relaxing)
 .debug_str     0x00006da8      0x1f5 ./mtkernel_3/lib/libtm/libtm_printf.o
                               0x700e (size before relaxing)
 .debug_str     0x00006f9d       0x8d ./mtkernel_3/lib/libtk/fastlock.o
                               0x6dfa (size before relaxing)
 .debug_str     0x0000702a       0x9a ./mtkernel_3/lib/libtk/fastmlock.o
                               0x6e07 (size before relaxing)
 .debug_str     0x000070c4       0x72 ./mtkernel_3/lib/libtk/kmalloc.o
                               0x6da6 (size before relaxing)
 .debug_str     0x00007136       0x27 ./mtkernel_3/kernel/usermain/usermain.o
                               0x6d69 (size before relaxing)
 .debug_str     0x0000715d       0x5f ./mtkernel_3/kernel/tstdlib/bitop.o
                               0x6d8e (size before relaxing)
 .debug_str     0x000071bc      0xaf4 ./mtkernel_3/kernel/tstdlib/string.o
                               0x784a (size before relaxing)
 .debug_str     0x00007cb0      0xb96 ./mtkernel_3/kernel/tkernel/cpuctl.o
                               0x83c7 (size before relaxing)
 .debug_str     0x00008846      0x75e ./mtkernel_3/kernel/tkernel/device.o
                               0x8248 (size before relaxing)
 .debug_str     0x00008fa4      0x241 ./mtkernel_3/kernel/tkernel/deviceio.o
                               0x8363 (size before relaxing)
 .debug_str     0x000091e5      0x1ef ./mtkernel_3/kernel/tkernel/eventflag.o
                               0x84ef (size before relaxing)
 .debug_str     0x000093d4       0x6f ./mtkernel_3/kernel/tkernel/int.o
                               0x818e (size before relaxing)
 .debug_str     0x00009443       0xe5 ./mtkernel_3/kernel/tkernel/klock.o
                               0x7be9 (size before relaxing)
 .debug_str     0x00009528      0x200 ./mtkernel_3/kernel/tkernel/mailbox.o
                               0x855b (size before relaxing)
 .debug_str     0x00009728      0x375 ./mtkernel_3/kernel/tkernel/memory.o
                               0x7d2c (size before relaxing)
 .debug_str     0x00009a9d      0x239 ./mtkernel_3/kernel/tkernel/mempfix.o
                               0x85e9 (size before relaxing)
 .debug_str     0x00009cd6      0x1f3 ./mtkernel_3/kernel/tkernel/mempool.o
                               0x89d2 (size before relaxing)
 .debug_str     0x00009ec9      0x2ac ./mtkernel_3/kernel/tkernel/messagebuf.o
                               0x8653 (size before relaxing)
 .debug_str     0x0000a175       0xa0 ./mtkernel_3/kernel/tkernel/misc_calls.o
                               0x81cf (size before relaxing)
 .debug_str     0x0000a215      0x1ba ./mtkernel_3/kernel/tkernel/mutex.o
                               0x8549 (size before relaxing)
 .debug_str     0x0000a3cf       0x1c ./mtkernel_3/kernel/tkernel/objname.o
                               0x77e2 (size before relaxing)
 .debug_str     0x0000a3eb       0x2c ./mtkernel_3/kernel/tkernel/power.o
                               0x7ebf (size before relaxing)
 .debug_str     0x0000a417       0x61 ./mtkernel_3/kernel/tkernel/rendezvous.o
                               0x8029 (size before relaxing)
 .debug_str     0x0000a478      0x12a ./mtkernel_3/kernel/tkernel/semaphore.o
                               0x84e5 (size before relaxing)
 .debug_str     0x0000a5a2      0x251 ./mtkernel_3/kernel/tkernel/task.o
                               0x85b7 (size before relaxing)
 .debug_str     0x0000a7f3      0x186 ./mtkernel_3/kernel/tkernel/task_manage.o
                               0x86bb (size before relaxing)
 .debug_str     0x0000a979       0xab ./mtkernel_3/kernel/tkernel/task_sync.o
                               0x8515 (size before relaxing)
 .debug_str     0x0000aa24      0x509 ./mtkernel_3/kernel/tkernel/time_calls.o
                               0x87eb (size before relaxing)
 .debug_str     0x0000af2d      0x116 ./mtkernel_3/kernel/tkernel/timer.o
                               0x7ce3 (size before relaxing)
 .debug_str     0x0000b043       0x2b ./mtkernel_3/kernel/tkernel/tkinit.o
                               0x78f6 (size before relaxing)
 .debug_str     0x0000b06e       0x6c ./mtkernel_3/kernel/tkernel/wait.o
                               0x7d69 (size before relaxing)
 .debug_str     0x0000b0da       0x6e ./mtkernel_3/kernel/sysinit/sysinit.o
                               0x7912 (size before relaxing)
 .debug_str     0x0000b148      0x122 ./mtkernel_3/kernel/inittask/inittask.o
                               0x7977 (size before relaxing)
 .debug_str     0x0000b26a      0x102 ./mtkernel_3/device/common/drvif/msdrvif.o
                               0x6fa6 (size before relaxing)
 .debug_str     0x0000b36c       0xee ./mtkernel_3/device/adc/adc.o
                               0x6e3b (size before relaxing)
 .debug_str     0x0000b45a       0x95 ./mtkernel_3/device/i2c/i2c.o
                               0x6e6f (size before relaxing)
 .debug_str     0x0000b4ef      0x5bf ./mtkernel_3/device/ser/ser.o
                               0x751d (size before relaxing)
 .debug_str     0x0000baae       0xb2 ./mtkernel_3/device/ser/sysdepend/nrf5/ser_nrf5.o
                               0x7352 (size before relaxing)
 .debug_str     0x0000bb60       0x5e ./mtkernel_3/lib/libtm/sysdepend/microbit/tm_com.o
                               0x55b2 (size before relaxing)
 .debug_str     0x0000bbbe       0x2a ./mtkernel_3/lib/libtm/sysdepend/no_device/tm_com.o
                               0x51a4 (size before relaxing)
 .debug_str     0x0000bbe8       0xa7 ./mtkernel_3/lib/libtk/sysdepend/cpu/nrf5/int_nrf5.o
                               0x6e00 (size before relaxing)
 .debug_str     0x0000bc8f      0x14f ./mtkernel_3/lib/libtk/sysdepend/cpu/nrf5/ptimer_nrf5.o
                               0x6f0f (size before relaxing)
 .debug_str     0x0000bdde       0x60 ./mtkernel_3/lib/libtk/sysdepend/cpu/core/armv7m/int_armv7m.o
                               0x6df1 (size before relaxing)
 .debug_str     0x0000be3e       0x6d ./mtkernel_3/lib/libtk/sysdepend/cpu/core/armv7m/wusec_armv7m.o
                               0x6da6 (size before relaxing)
 .debug_str     0x0000beab       0x86 ./mtkernel_3/kernel/sysdepend/microbit/devinit.o
                               0x7a8d (size before relaxing)
 .debug_str     0x0000bf31       0x5e ./mtkernel_3/kernel/sysdepend/microbit/hw_setting.o
                               0x78aa (size before relaxing)
 .debug_str     0x0000bf8f       0x3a ./mtkernel_3/kernel/sysdepend/microbit/power_save.o
                               0x7839 (size before relaxing)
 .debug_str     0x0000bfc9       0x38 ./mtkernel_3/kernel/sysdepend/cpu/nrf5/cpu_clock.o
                               0x6dc5 (size before relaxing)
 .debug_str     0x0000c001      0x178 ./mtkernel_3/kernel/sysdepend/cpu/nrf5/vector_tbl.o
                               0x7977 (size before relaxing)
 .debug_str     0x0000c179       0x58 ./mtkernel_3/kernel/sysdepend/cpu/core/armv7m/cpu_cntl.o
                               0x7c6f (size before relaxing)
 .debug_str     0x0000c1d1       0x3d ./mtkernel_3/kernel/sysdepend/cpu/core/armv7m/dispatch.o
                                 0x76 (size before relaxing)
 .debug_str     0x0000c20e       0x6e ./mtkernel_3/kernel/sysdepend/cpu/core/armv7m/exc_hdr.o
                               0x7bc6 (size before relaxing)
 .debug_str     0x0000c27c       0x6d ./mtkernel_3/kernel/sysdepend/cpu/core/armv7m/interrupt.o
                               0x79bb (size before relaxing)
 .debug_str     0x0000c2e9       0x69 ./mtkernel_3/kernel/sysdepend/cpu/core/armv7m/reset_hdl.o
                               0x794c (size before relaxing)
 .debug_str     0x0000c352      0x1bd ./mtkernel_3/CAV/src/LED.o
                               0x6f65 (size before relaxing)
 .debug_str     0x0000c50f      0x5bb ./mtkernel_3/CAV/src/STG.o
                               0x717f (size before relaxing)
 .debug_str     0x0000caca      0x6cf ./mtkernel_3/CAV/src/app_main.o
                               0x74cc (size before relaxing)
 .debug_str     0x0000d199      0x69d ./mtkernel_3/CAV/src/client.o
                               0x74fb (size before relaxing)
 .debug_str     0x0000d836      0x1fa ./mtkernel_3/CAV/src/drive.o
                               0x7586 (size before relaxing)
 .debug_str     0x0000da30       0xdc ./mtkernel_3/CAV/src/iic.o
                               0x7245 (size before relaxing)
 .debug_str     0x0000db0c       0x83 ./mtkernel_3/CAV/src/list.o
                               0x6e03 (size before relaxing)
 .debug_str     0x0000db8f       0x7c ./mtkernel_3/CAV/src/maqueen.o
                               0x72c1 (size before relaxing)
 .debug_str     0x0000dc0b       0x4e ./mtkernel_3/CAV/src/order.o
                               0x3e62 (size before relaxing)
 .debug_str     0x0000dc59       0x2c ./mtkernel_3/CAV/src/radio.o
                               0x7326 (size before relaxing)
 .debug_str     0x0000dc85       0xc3 ./mtkernel_3/CAV/src/server.o
                               0x740e (size before relaxing)

.comment        0x00000000       0x81
 .comment       0x00000000       0x38 ./mtkernel_3/lib/libtm/libtm.o
                                 0x39 (size before relaxing)
 .comment       0x00000038       0x39 ./mtkernel_3/lib/libtm/libtm_printf.o
 .comment       0x00000038       0x39 ./mtkernel_3/lib/libtk/fastlock.o
 .comment       0x00000038       0x39 ./mtkernel_3/lib/libtk/fastmlock.o
 .comment       0x00000038       0x39 ./mtkernel_3/lib/libtk/kmalloc.o
 .comment       0x00000038       0x39 ./mtkernel_3/kernel/usermain/usermain.o
 .comment       0x00000038       0x39 ./mtkernel_3/kernel/tstdlib/bitop.o
 .comment       0x00000038       0x39 ./mtkernel_3/kernel/tstdlib/string.o
 .comment       0x00000038       0x39 ./mtkernel_3/kernel/tkernel/cpuctl.o
 .comment       0x00000038       0x39 ./mtkernel_3/kernel/tkernel/device.o
 .comment       0x00000038       0x39 ./mtkernel_3/kernel/tkernel/deviceio.o
 .comment       0x00000038       0x39 ./mtkernel_3/kernel/tkernel/eventflag.o
 .comment       0x00000038       0x39 ./mtkernel_3/kernel/tkernel/int.o
 .comment       0x00000038       0x39 ./mtkernel_3/kernel/tkernel/klock.o
 .comment       0x00000038       0x39 ./mtkernel_3/kernel/tkernel/mailbox.o
 .comment       0x00000038       0x39 ./mtkernel_3/kernel/tkernel/memory.o
 .comment       0x00000038       0x39 ./mtkernel_3/kernel/tkernel/mempfix.o
 .comment       0x00000038       0x39 ./mtkernel_3/kernel/tkernel/mempool.o
 .comment       0x00000038       0x39 ./mtkernel_3/kernel/tkernel/messagebuf.o
 .comment       0x00000038       0x39 ./mtkernel_3/kernel/tkernel/misc_calls.o
 .comment       0x00000038       0x39 ./mtkernel_3/kernel/tkernel/mutex.o
 .comment       0x00000038       0x39 ./mtkernel_3/kernel/tkernel/objname.o
 .comment       0x00000038       0x39 ./mtkernel_3/kernel/tkernel/power.o
 .comment       0x00000038       0x39 ./mtkernel_3/kernel/tkernel/rendezvous.o
 .comment       0x00000038       0x39 ./mtkernel_3/kernel/tkernel/semaphore.o
 .comment       0x00000038       0x39 ./mtkernel_3/kernel/tkernel/task.o
 .comment       0x00000038       0x39 ./mtkernel_3/kernel/tkernel/task_manage.o
 .comment       0x00000038       0x39 ./mtkernel_3/kernel/tkernel/task_sync.o
 .comment       0x00000038       0x39 ./mtkernel_3/kernel/tkernel/time_calls.o
 .comment       0x00000038       0x39 ./mtkernel_3/kernel/tkernel/timer.o
 .comment       0x00000038       0x39 ./mtkernel_3/kernel/tkernel/tkinit.o
 .comment       0x00000038       0x39 ./mtkernel_3/kernel/tkernel/wait.o
 .comment       0x00000038       0x39 ./mtkernel_3/kernel/sysinit/sysinit.o
 .comment       0x00000038       0x39 ./mtkernel_3/kernel/inittask/inittask.o
 .comment       0x00000038       0x39 ./mtkernel_3/device/common/drvif/msdrvif.o
 .comment       0x00000038       0x39 ./mtkernel_3/device/adc/adc.o
 .comment       0x00000038       0x39 ./mtkernel_3/device/i2c/i2c.o
 .comment       0x00000038       0x39 ./mtkernel_3/device/ser/ser.o
 .comment       0x00000038       0x39 ./mtkernel_3/device/ser/sysdepend/nrf5/ser_nrf5.o
 .comment       0x00000038       0x39 ./mtkernel_3/lib/libtm/sysdepend/microbit/tm_com.o
 .comment       0x00000038       0x39 ./mtkernel_3/lib/libtm/sysdepend/no_device/tm_com.o
 .comment       0x00000038       0x39 ./mtkernel_3/lib/libtk/sysdepend/cpu/nrf5/int_nrf5.o
 .comment       0x00000038       0x39 ./mtkernel_3/lib/libtk/sysdepend/cpu/nrf5/ptimer_nrf5.o
 .comment       0x00000038       0x39 ./mtkernel_3/lib/libtk/sysdepend/cpu/core/armv7m/int_armv7m.o
 .comment       0x00000038       0x39 ./mtkernel_3/lib/libtk/sysdepend/cpu/core/armv7m/wusec_armv7m.o
 .comment       0x00000038       0x39 ./mtkernel_3/kernel/sysdepend/microbit/devinit.o
 .comment       0x00000038       0x39 ./mtkernel_3/kernel/sysdepend/microbit/hw_setting.o
 .comment       0x00000038       0x39 ./mtkernel_3/kernel/sysdepend/microbit/power_save.o
 .comment       0x00000038       0x39 ./mtkernel_3/kernel/sysdepend/cpu/nrf5/cpu_clock.o
 .comment       0x00000038       0x39 ./mtkernel_3/kernel/sysdepend/cpu/nrf5/vector_tbl.o
 .comment       0x00000038       0x39 ./mtkernel_3/kernel/sysdepend/cpu/core/armv7m/cpu_cntl.o
 .comment       0x00000038       0x39 ./mtkernel_3/kernel/sysdepend/cpu/core/armv7m/exc_hdr.o
 .comment       0x00000038       0x39 ./mtkernel_3/kernel/sysdepend/cpu/core/armv7m/interrupt.o
 .comment       0x00000038       0x39 ./mtkernel_3/kernel/sysdepend/cpu/core/armv7m/reset_hdl.o
 .comment       0x00000038       0x39 ./mtkernel_3/CAV/src/LED.o
 .comment       0x00000038       0x49 ./mtkernel_3/CAV/src/STG.o
                                 0x4a (size before relaxing)
 .comment       0x00000081       0x4a ./mtkernel_3/CAV/src/app_main.o
 .comment       0x00000081       0x4a ./mtkernel_3/CAV/src/client.o
 .comment       0x00000081       0x4a ./mtkernel_3/CAV/src/drive.o
 .comment       0x00000081       0x39 ./mtkernel_3/CAV/src/iic.o
 .comment       0x00000081       0x39 ./mtkernel_3/CAV/src/list.o
 .comment       0x00000081       0x39 ./mtkernel_3/CAV/src/maqueen.o
 .comment       0x00000081       0x39 ./mtkernel_3/CAV/src/order.o
 .comment       0x00000081       0x39 ./mtkernel_3/CAV/src/radio.o
 .comment       0x00000081       0x4a ./mtkernel_3/CAV/src/server.o

.ARM.attributes
                0x00000000       0x32
 .ARM.attributes
                0x00000000       0x34 ./mtkernel_3/lib/libtm/libtm.o
 .ARM.attributes
                0x00000034       0x34 ./mtkernel_3/lib/libtm/libtm_printf.o
 .ARM.attributes
                0x00000068       0x34 ./mtkernel_3/lib/libtk/fastlock.o
 .ARM.attributes
                0x0000009c       0x34 ./mtkernel_3/lib/libtk/fastmlock.o
 .ARM.attributes
                0x000000d0       0x34 ./mtkernel_3/lib/libtk/kmalloc.o
 .ARM.attributes
                0x00000104       0x34 ./mtkernel_3/kernel/usermain/usermain.o
 .ARM.attributes